Microchip MPLAB XC8 Compiler V2.36

Linker command line:

-W-3 --edf=C:\Program Files\Microchip\xc8\v2.36\pic\dat\en_msgs.txt \
  -pivt0x8=08h -cn -h+dist/default/production\i2c_slave.X.production.sym \
  --cmf=dist/default/production\i2c_slave.X.production.cmf -z -Q18F16Q40 \
  -oC:\Users\juddf\AppData\Local\Temp\xcAs5hg.4 --defsym=__MPLAB_BUILD=1 \
  -Mdist/default/production/i2c_slave.X.production.map \
  --md=C:\Users\juddf\AppData\Local\Temp\xcAs5hg.dat -E1 -ver=XC8 Compiler \
  --acfsm=1493 -ACODE=00h-0FFFFh -ACONST=00h-0FFFFh \
  -ASMALLCONST=01500h-015FFhx235 -AMEDIUMCONST=01500h-0FFFFh \
  -ACOMRAM=0501h-055Fh -AABS1=0500h-014FFh -ABIGRAM=0501h-014FFh \
  -ARAM=0560h-05FFh,0600h-06FFhx15 -ABANK5=0560h-05FFh -ABANK6=0600h-06FFh \
  -ABANK7=0700h-07FFh -ABANK8=0800h-08FFh -ABANK9=0900h-09FFh \
  -ABANK10=0A00h-0AFFh -ABANK11=0B00h-0BFFh -ABANK12=0C00h-0CFFh \
  -ABANK13=0D00h-0DFFh -ABANK14=0E00h-0EFFh -ABANK15=0F00h-0FFFh \
  -ABANK16=01000h-010FFh -ABANK17=01100h-011FFh -ABANK18=01200h-012FFh \
  -ABANK19=01300h-013FFh -ABANK20=01400h-014FFh \
  -ASFR=00h-0FFhx4,0400h-045Fh,0460h-04FFh,01500h-015FFh \
  -ABIGSFR=00h-04FFh,01500h-015FFh -ACONFIG=0300000h-0300011h \
  -AIDLOC=0200000h-020003Fh -AEEDATA=0380000h-03801FFh -peeprom_data=EEDATA \
  -preset_vec=00h -ppowerup=CODE,init -pramtop=01500h \
  -psmallconst=SMALLCONST -pmediumconst=MEDIUMCONST -pconst=CONST \
  -AFARRAM=00h-00h \
  -prdata=COMRAM,nvrram=COMRAM,nvbit=COMRAM,rbss=COMRAM,rbit=COMRAM \
  -pfarbss=FARRAM,fardata=FARRAM,nvFARRAM=FARRAM \
  -pintsave_regs=BIGRAM,bigbss=BIGRAM,bigdata=BIGRAM -pbss=RAM \
  -pidata=CODE,irdata=CODE,ibigdata=CODE,ifardata=CODE -prparam=COMRAM \
  C:\Users\juddf\AppData\Local\Temp\xcAs5hg.o \
  dist/default/production\i2c_slave.X.production.o 

Object code version is 3.11

Machine type is 18F16Q40



                Name                               Link     Load   Length Selector   Space Scale
C:\Users\juddf\AppData\Local\Temp\xcAs5hg.o
                idloc                            200000   200000       40        0       5
                config                           300000   300000        A        0       4
                init                                 BA       BA        4        4       0
                reset_vec                             0        0        4        0       0
dist/default/production\i2c_slave.X.production.o
                idloc                            200000   200000       40        0       5
                config                           300000   300000        A        0       4
                ivt0x8                                8        8       B2        4       0
                text8                               124      124       56        4       0
                text7                               1FA      1FA       18        4       0
                text6                               238      238       12        4       0
                text5                               226      226       12        4       0
                text4                               19E      19E       24        4       0
                text3                               1DE      1DE       1C        4       0
                text2                                BE       BE       66        4       0
                text1                               1C2      1C2       1C        4       0
                text0                               17A      17A       24        4       0
                cstackCOMRAM                        501      501        1      501       1
                cinit                               212      212       14        4       0

TOTAL           Name                               Link     Load   Length     Space
        CLASS   CODE           
                init                                 BA       BA        4         0
                reset_vec                             0        0        4         0
                ivt0x8                                8        8       B2         0
                text8                               124      124       56         0
                text7                               1FA      1FA       18         0
                text6                               238      238       12         0
                text5                               226      226       12         0
                text4                               19E      19E       24         0
                text3                               1DE      1DE       1C         0
                text2                                BE       BE       66         0
                text1                               1C2      1C2       1C         0
                text0                               17A      17A       24         0
                cinit                               212      212       14         0

        CLASS   CONST          

        CLASS   SMALLCONST     

        CLASS   MEDIUMCONST    

        CLASS   COMRAM         
                cstackCOMRAM                        501      501        1         1

        CLASS   ABS1           

        CLASS   BIGRAM         

        CLASS   RAM            

        CLASS   BANK5          

        CLASS   BANK6          

        CLASS   BANK7          

        CLASS   BANK8          

        CLASS   BANK9          

        CLASS   BANK10         

        CLASS   BANK11         

        CLASS   BANK12         

        CLASS   BANK13         

        CLASS   BANK14         

        CLASS   BANK15         

        CLASS   BANK16         

        CLASS   BANK17         

        CLASS   BANK18         

        CLASS   BANK19         

        CLASS   BANK20         

        CLASS   SFR            

        CLASS   BIGSFR         

        CLASS   CONFIG         
                config                           300000   300000        A         4

        CLASS   IDLOC          
                idloc                            200000   200000       40         5

        CLASS   EEDATA         

        CLASS   FARRAM         

        CLASS   HEAP           

        CLASS   STACK          



SEGMENTS        Name                           Load    Length   Top    Selector   Space  Class

                reset_vec                      000000  000004  000004         0       0  CODE    
                ivt0x8                         000008  000242  00024A         4       0  CODE    
                cstackCOMRAM                   000501  000001  000502       501       1  COMRAM  


UNUSED ADDRESS RANGES

        Name                Unused          Largest block    Delta
        BANK10           000A00-000AFF              100
        BANK11           000B00-000BFF              100
        BANK12           000C00-000CFF              100
        BANK13           000D00-000DFF              100
        BANK14           000E00-000EFF              100
        BANK15           000F00-000FFF              100
        BANK16           001000-0010FF              100
        BANK17           001100-0011FF              100
        BANK18           001200-0012FF              100
        BANK19           001300-0013FF              100
        BANK20           001400-0014FF              100
        BANK5            000560-0005FF               A0
        BANK6            000600-0006FF              100
        BANK7            000700-0007FF              100
        BANK8            000800-0008FF              100
        BANK9            000900-0009FF              100
        BIGRAM           000502-0014FF              FFE
        BIGSFR           000000-0004FF              500
                         001500-0015FF              100
        CODE             000004-000007                4
                         00024A-00FFFF             FDB6
        COMRAM           000502-00055F               5E
        CONFIG           30000A-300011                8
        CONST            000004-000007                4
                         00024A-00FFFF             FDB6
        EEDATA           380000-3801FF              200
        MEDIUMCONST      001500-00FFFF             EB00
        RAM              000560-0014FF              100
        SFR              000000-0004FF              100
                         001500-0015FF              100
        SMALLCONST       001500-00FFFF              100

                                  Symbol Table

I2C1_SlaveSetSlaveAddr@slaveAddr cstackCOMRAM 000501
I2C1_SlaveSetSlaveMask@maskAddr  cstackCOMRAM 000501
IVTBASEH                         (abs)        00045E
IVTBASEL                         (abs)        00045D
IVTBASEU                         (abs)        00045F
_ACTCON                          (abs)        0000AC
_ANSELA                          (abs)        000400
_ANSELB                          (abs)        000408
_ANSELC                          (abs)        000410
_I2C1ADR0                        (abs)        000290
_I2C1ADR1                        (abs)        000291
_I2C1ADR2                        (abs)        000292
_I2C1ADR3                        (abs)        000293
_I2C1CNTH                        (abs)        00028D
_I2C1CNTL                        (abs)        00028C
_I2C1CON0                        (abs)        000294
_I2C1CON0bits                    (abs)        000294
_I2C1CON1                        (abs)        000295
_I2C1CON2                        (abs)        000296
_I2C1ERRbits                     (abs)        000297
_I2C1PIEbits                     (abs)        00029B
_I2C1PIR                         (abs)        00029A
_I2C1PIRbits                     (abs)        00029A
_I2C1SCLPPS                      (abs)        000271
_I2C1SDAPPS                      (abs)        000270
_I2C1_Initialize                 text7        0001FA
_I2C1_InterruptHandler           text8        000124
_I2C1_Open                       text4        00019E
_I2C1_SlaveSetSlaveAddr          text6        000238
_I2C1_SlaveSetSlaveMask          text5        000226
_INLVLA                          (abs)        000404
_INLVLB                          (abs)        00040C
_INLVLC                          (abs)        000414
_INTCON0bits                     (abs)        0004D6
_LATA                            (abs)        0004BE
_LATB                            (abs)        0004BF
_LATBbits                        (abs)        0004BF
_LATC                            (abs)        0004C0
_LATCbits                        (abs)        0004C0
_ODCONA                          (abs)        000402
_ODCONB                          (abs)        00040A
_ODCONC                          (abs)        000412
_OSCCON1                         (abs)        0000AD
_OSCCON3                         (abs)        0000AF
_OSCEN                           (abs)        0000B3
_OSCFRQ                          (abs)        0000B1
_OSCILLATOR_Initialize           text3        0001DE
_OSCTUNE                         (abs)        0000B0
_PIE7bits                        (abs)        0004AF
_PIN_MANAGER_Initialize          text2        0000BE
_PMD0                            (abs)        000063
_PMD1                            (abs)        000064
_PMD2                            (abs)        000065
_PMD3                            (abs)        000066
_PMD4                            (abs)        000067
_PMD5                            (abs)        000068
_PMD_Initialize                  text1        0001C2
_RC3PPS                          (abs)        000214
_RC6PPS                          (abs)        000217
_SLRCONA                         (abs)        000403
_SLRCONB                         (abs)        00040B
_SLRCONC                         (abs)        000413
_TRISA                           (abs)        0004C6
_TRISB                           (abs)        0004C7
_TRISC                           (abs)        0004C8
_WPUA                            (abs)        000401
_WPUB                            (abs)        000409
_WPUC                            (abs)        000411
__HRAM                           (abs)        000000
__Habs1                          abs1         000000
__Hbank10                        bank10       000000
__Hbank11                        bank11       000000
__Hbank12                        bank12       000000
__Hbank13                        bank13       000000
__Hbank14                        bank14       000000
__Hbank15                        bank15       000000
__Hbank16                        bank16       000000
__Hbank17                        bank17       000000
__Hbank18                        bank18       000000
__Hbank19                        bank19       000000
__Hbank20                        bank20       000000
__Hbank5                         bank5        000000
__Hbank6                         bank6        000000
__Hbank7                         bank7        000000
__Hbank8                         bank8        000000
__Hbank9                         bank9        000000
__Hbigbss                        bigbss       000000
__Hbigdata                       bigdata      000000
__Hbigram                        bigram       000000
__Hbigsfr                        bigsfr       000000
__Hbss                           bss          000000
__Hcinit                         cinit        000000
__Hclrtext                       clrtext      000000
__Hcomram                        comram       000000
__Hconfig                        config       30000A
__Hconst                         const        000000
__HcstackCOMRAM                  cstackCOMRAM 000000
__Hdata                          data         000000
__Heeprom_data                   eeprom_data  000000
__Hfarbss                        farbss       000000
__Hfardata                       fardata      000000
__Hheap                          heap         000000
__Hibigdata                      ibigdata     000000
__Hidata                         idata        000000
__Hidloc                         idloc        200040
__Hifardata                      ifardata     000000
__Hinit                          init         0000BE
__Hintsave_regs                  intsave_regs 000000
__Hirdata                        irdata       000000
__Hivt0x8                        ivt0x8       0000BA
__Hmediumconst                   mediumconst  000000
__HnvFARRAM                      nvFARRAM     000000
__Hnvbit                         nvbit        000000
__Hnvrram                        nvrram       000000
__Hparam                         rparam       000000
__Hpowerup                       powerup      000000
__Hram                           ram          000000
__Hramtop                        ramtop       001500
__Hrbit                          rbit         000000
__Hrbss                          rbss         000000
__Hrdata                         rdata        000000
__Hreset_vec                     reset_vec    000004
__Hrparam                        rparam       000000
__Hsfr                           sfr          000000
__Hsmallconst                    smallconst   000000
__Hspace_0                       (abs)        001500
__Hspace_1                       (abs)        000502
__Hspace_2                       (abs)        000000
__Hspace_4                       (abs)        60000A
__Hstack                         stack        000000
__Hstruct                        struct       000000
__Htemp                          temp         000000
__Htext                          text         000000
__Htext0                         text0        000000
__Htext1                         text1        000000
__Htext2                         text2        000000
__Htext3                         text3        000000
__Htext4                         text4        000000
__Htext5                         text5        000000
__Htext6                         text6        000000
__Htext7                         text7        000000
__Htext8                         text8        000000
__LRAM                           (abs)        000001
__Labs1                          abs1         000000
__Lbank10                        bank10       000000
__Lbank11                        bank11       000000
__Lbank12                        bank12       000000
__Lbank13                        bank13       000000
__Lbank14                        bank14       000000
__Lbank15                        bank15       000000
__Lbank16                        bank16       000000
__Lbank17                        bank17       000000
__Lbank18                        bank18       000000
__Lbank19                        bank19       000000
__Lbank20                        bank20       000000
__Lbank5                         bank5        000000
__Lbank6                         bank6        000000
__Lbank7                         bank7        000000
__Lbank8                         bank8        000000
__Lbank9                         bank9        000000
__Lbigbss                        bigbss       000000
__Lbigdata                       bigdata      000000
__Lbigram                        bigram       000000
__Lbigsfr                        bigsfr       000000
__Lbss                           bss          000000
__Lcinit                         cinit        000000
__Lclrtext                       clrtext      000000
__Lcomram                        comram       000000
__Lconfig                        config       000000
__Lconst                         const        000000
__LcstackCOMRAM                  cstackCOMRAM 000000
__Ldata                          data         000000
__Leeprom_data                   eeprom_data  000000
__Lfarbss                        farbss       000000
__Lfardata                       fardata      000000
__Lheap                          heap         000000
__Libigdata                      ibigdata     000000
__Lidata                         idata        000000
__Lidloc                         idloc        000000
__Lifardata                      ifardata     000000
__Linit                          init         0000BA
__Lintsave_regs                  intsave_regs 000000
__Lirdata                        irdata       000000
__Livt0x8                        ivt0x8       000008
__Lmediumconst                   mediumconst  000000
__LnvFARRAM                      nvFARRAM     000000
__Lnvbit                         nvbit        000000
__Lnvrram                        nvrram       000000
__Lparam                         rparam       000000
__Lpowerup                       powerup      000000
__Lram                           ram          000000
__Lramtop                        ramtop       001500
__Lrbit                          rbit         000000
__Lrbss                          rbss         000000
__Lrdata                         rdata        000000
__Lreset_vec                     reset_vec    000000
__Lrparam                        rparam       000000
__Lsfr                           sfr          000000
__Lsmallconst                    smallconst   000000
__Lspace_0                       (abs)        000000
__Lspace_1                       (abs)        000000
__Lspace_2                       (abs)        000000
__Lspace_4                       (abs)        000000
__Lstack                         stack        000000
__Lstruct                        struct       000000
__Ltemp                          temp         000000
__Ltext                          text         000000
__Ltext0                         text0        000000
__Ltext1                         text1        000000
__Ltext2                         text2        000000
__Ltext3                         text3        000000
__Ltext4                         text4        000000
__Ltext5                         text5        000000
__Ltext6                         text6        000000
__Ltext7                         text7        000000
__Ltext8                         text8        000000
__S0                             (abs)        00024A
__S1                             (abs)        000502
__S4                             (abs)        000000
__S5                             (abs)        000000
___heap_hi                       (abs)        000000
___heap_lo                       (abs)        000000
___inthi_sp                      stack        000000
___intlo_sp                      stack        000000
___param_bank                    (abs)        000000
___rparam_used                   (abs)        000001
___sp                            stack        000000
__accesstop                      (abs)        000560
__activetblptr                   (abs)        000000
__end_of_I2C1_Initialize         text7        000212
__end_of_I2C1_InterruptHandler   text8        00017A
__end_of_I2C1_Open               text4        0001C2
__end_of_I2C1_SlaveSetSlaveAddr  text6        00024A
__end_of_I2C1_SlaveSetSlaveMask  text5        000238
__end_of_OSCILLATOR_Initialize   text3        0001FA
__end_of_PIN_MANAGER_Initialize  text2        000124
__end_of_PMD_Initialize          text1        0001DE
__end_of__initialization         cinit        000220
__end_of_main                    text0        00019E
__initialization                 cinit        000212
__mediumconst                    mediumconst  000000
__pcinit                         cinit        000212
__pcstackCOMRAM                  cstackCOMRAM 000501
__pivt0x8                        ivt0x8       000008
__ptext0                         text0        00017A
__ptext1                         text1        0001C2
__ptext2                         text2        0000BE
__ptext3                         text3        0001DE
__ptext4                         text4        00019E
__ptext5                         text5        000226
__ptext6                         text6        000238
__ptext7                         text7        0001FA
__ptext8                         text8        000124
__ramtop                         ramtop       001500
__smallconst                     smallconst   000000
_main                            text0        00017A
end_of_initialization            cinit        000220
intlevel0                        text         000000
intlevel1                        text         000000
intlevel2                        text         000000
intlevel3                        text         000000
isa$std                          (abs)        000001
isa$xinst                        (abs)        000000
ivt0x8_base                      ivt0x8       000008
ivt0x8_undefint                  ivt0x8       0000B8
stackhi                          (abs)        000000
stacklo                          (abs)        000000
start                            init         0000BA
start_initialization             cinit        000212


MODULE INFORMATION

Module		Function		Class		Link	Load	Size
shared
		__initialization		CODE           	0212	0000	14

shared estimated size: 14

main.c
		_PIN_MANAGER_Initialize		CODE           	00BE	0000	102
		_main          		CODE           	017A	0000	36
		_I2C1_InterruptHandler		CODE           	0124	0000	86
		_I2C1_SlaveSetSlaveAddr		CODE           	0238	0000	18
		_PMD_Initialize		CODE           	01C2	0000	28
		_I2C1_Open     		CODE           	019E	0000	36
		_OSCILLATOR_Initialize		CODE           	01DE	0000	28
		_I2C1_Initialize		CODE           	01FA	0000	24
		_I2C1_SlaveSetSlaveMask		CODE           	0226	0000	18

main.c estimated size: 376

