Microchip MPLAB XC8 Compiler V2.35

Linker command line:

-W-3 --edf=C:\Program Files\Microchip\xc8\v2.35\pic\dat\en_msgs.txt \
  -pivt0x8=08h -cn -h+dist/default/production\testin.X.production.sym \
  --cmf=dist/default/production\testin.X.production.cmf -z -Q18F16Q40 \
  -oC:\Users\juddf\AppData\Local\Temp\xcAsnsc.5 --defsym=__MPLAB_BUILD=1 \
  -Mdist/default/production/testin.X.production.map \
  --md=C:\Users\juddf\AppData\Local\Temp\xcAsnsc.dat -E1 -ver=XC8 Compiler \
  --acfsm=1493 -ACODE=00h-0FFFFh -ACONST=00h-0FFFFh \
  -ASMALLCONST=01600h-016FFhx234 -AMEDIUMCONST=01600h-0FFFFh \
  -ACOMRAM=0501h-055Fh -AABS1=0500h-015FFh -ABIGRAM=0501h-015FFh \
  -ARAM=0560h-05FFh,0600h-06FFhx16 -ABANK5=0560h-05FFh -ABANK6=0600h-06FFh \
  -ABANK7=0700h-07FFh -ABANK8=0800h-08FFh -ABANK9=0900h-09FFh \
  -ABANK10=0A00h-0AFFh -ABANK11=0B00h-0BFFh -ABANK12=0C00h-0CFFh \
  -ABANK13=0D00h-0DFFh -ABANK14=0E00h-0EFFh -ABANK15=0F00h-0FFFh \
  -ABANK16=01000h-010FFh -ABANK17=01100h-011FFh -ABANK18=01200h-012FFh \
  -ABANK19=01300h-013FFh -ABANK20=01400h-014FFh -ABANK21=01500h-015FFh \
  -ASFR=00h-0FFhx4,0400h-045Fh,0460h-04FFh -ABIGSFR=00h-04FFh \
  -ACONFIG=0300000h-0300011h -AIDLOC=0200000h-020001Fh \
  -AEEDATA=0380000h-03801FFh -peeprom_data=EEDATA -preset_vec=00h \
  -ppowerup=CODE,init -pramtop=01600h -psmallconst=SMALLCONST \
  -pmediumconst=MEDIUMCONST -pconst=CONST -AFARRAM=00h-00h \
  -prdata=COMRAM,nvrram=COMRAM,nvbit=COMRAM,rbss=COMRAM,rbit=COMRAM \
  -pfarbss=FARRAM,fardata=FARRAM,nvFARRAM=FARRAM \
  -pintsave_regs=BIGRAM,bigbss=BIGRAM,bigdata=BIGRAM -pbss=RAM \
  -pidata=CODE,irdata=CODE,ibigdata=CODE,ifardata=CODE -prparam=COMRAM \
  C:\Users\juddf\AppData\Local\Temp\xcAsnsc.o \
  dist/default/production\testin.X.production.o 

Object code version is 3.11

Machine type is 18F16Q40



                Name                               Link     Load   Length Selector   Space Scale
C:\Users\juddf\AppData\Local\Temp\xcAsnsc.o
                idloc                            200000   200000       20        0       5
                config                           300000   300000        A        0       4
                init                                 BA       BA        4        4       0
                reset_vec                             0        0        4        0       0
dist/default/production\testin.X.production.o
                idloc                            200000   200000       20        0       5
                config                           300000   300000        A        0       4
                ivt0x8                                8        8       B2        4       0
                text41                              5EC      5EC       48       30       0
                text40                              5A4      5A4       48       30       0
                text39                              8C4      8C4        2       30       0
                text38                               C0       C0       D8       30       0
                text37                              634      634       46       30       0
                text36                              72C      72C       2E       30       0
                text35                              454      454       60       30       0
                text34                              7D8      7D8       1A       30       0
                text33                              3F4      3F4       60       30       0
                text32                              83E      83E       12       30       0
                text31                              806      806       14       30       0
                text30                              8B4      8B4        A       30       0
                text29                              8AA      8AA        A       30       0
                text28                              8A0      8A0        A       30       0
                text27                              82C      82C       12       30       0
                text26                              81A      81A       12       30       0
                text25                              896      896        A       30       0
                text24                              88C      88C        A       30       0
                text23                              508      508       52       30       0
                text22                              882      882        A       30       0
                text21                              322      322       6A       30       0
                text20                              7F2      7F2       14       30       0
                text19                              7BC      7BC       1C       30       0
                text18                              55A      55A       4A       30       0
                text17                              7A0      7A0       1C       30       0
                text16                              2B4      2B4       6E       30       0
                text15                              784      784       1C       30       0
                text14                              878      878        A       30       0
                text13                              6BE      6BE       3E       30       0
                text12                              86E      86E        A       30       0
                text11                              67A      67A       44       30       0
                text10                              864      864        A       30       0
                text9                               85A      85A        A       30       0
                text8                               850      850        A       30       0
                text7                               38C      38C       68       30       0
                text6                               75A      75A       2A       30       0
                text5                               8C2      8C2        2       30       0
                text4                               8C0      8C0        2       30       0
                text3                               8BE      8BE        2       30       0
                text2                               198      198       9A       30       0
                text1                               232      232       82       30       0
                text0                               4B4      4B4       54       30       0
                cstackCOMRAM                        519      519       11      501       1
                bssBANK5                            560      560       80      560       1
                bssCOMRAM                           501      501       18      501       1
                cinit                               6FC      6FC       30       30       0
                nvCOMRAM                            52A      52A       10      501       1

TOTAL           Name                               Link     Load   Length     Space
        CLASS   CODE           
                init                                 BA       BA        4         0
                reset_vec                             0        0        4         0
                ivt0x8                                8        8       B2         0
                text41                              5EC      5EC       48         0
                text40                              5A4      5A4       48         0
                text39                              8C4      8C4        2         0
                text38                               C0       C0       D8         0
                text37                              634      634       46         0
                text36                              72C      72C       2E         0
                text35                              454      454       60         0
                text34                              7D8      7D8       1A         0
                text33                              3F4      3F4       60         0
                text32                              83E      83E       12         0
                text31                              806      806       14         0
                text30                              8B4      8B4        A         0
                text29                              8AA      8AA        A         0
                text28                              8A0      8A0        A         0
                text27                              82C      82C       12         0
                text26                              81A      81A       12         0
                text25                              896      896        A         0
                text24                              88C      88C        A         0
                text23                              508      508       52         0
                text22                              882      882        A         0
                text21                              322      322       6A         0
                text20                              7F2      7F2       14         0
                text19                              7BC      7BC       1C         0
                text18                              55A      55A       4A         0
                text17                              7A0      7A0       1C         0
                text16                              2B4      2B4       6E         0
                text15                              784      784       1C         0
                text14                              878      878        A         0
                text13                              6BE      6BE       3E         0
                text12                              86E      86E        A         0
                text11                              67A      67A       44         0
                text10                              864      864        A         0
                text9                               85A      85A        A         0
                text8                               850      850        A         0
                text7                               38C      38C       68         0
                text6                               75A      75A       2A         0
                text5                               8C2      8C2        2         0
                text4                               8C0      8C0        2         0
                text3                               8BE      8BE        2         0
                text2                               198      198       9A         0
                text1                               232      232       82         0
                text0                               4B4      4B4       54         0
                cinit                               6FC      6FC       30         0

        CLASS   CONST          

        CLASS   SMALLCONST     

        CLASS   MEDIUMCONST    

        CLASS   COMRAM         
                cstackCOMRAM                        519      519       11         1
                bssCOMRAM                           501      501       18         1
                nvCOMRAM                            52A      52A       10         1

        CLASS   ABS1           

        CLASS   BIGRAM         

        CLASS   RAM            

        CLASS   BANK5          
                bssBANK5                            560      560       80         1

        CLASS   BANK6          

        CLASS   BANK7          

        CLASS   BANK8          

        CLASS   BANK9          

        CLASS   BANK10         

        CLASS   BANK11         

        CLASS   BANK12         

        CLASS   BANK13         

        CLASS   BANK14         

        CLASS   BANK15         

        CLASS   BANK16         

        CLASS   BANK17         

        CLASS   BANK18         

        CLASS   BANK19         

        CLASS   BANK20         

        CLASS   BANK21         

        CLASS   SFR            

        CLASS   BIGSFR         

        CLASS   CONFIG         
                config                           300000   300000        A         4

        CLASS   IDLOC          
                idloc                            200000   200000       20         5

        CLASS   EEDATA         

        CLASS   FARRAM         

        CLASS   HEAP           

        CLASS   STACK          



SEGMENTS        Name                           Load    Length   Top    Selector   Space  Class

                reset_vec                      000000  000004  000004         0       0  CODE    
                ivt0x8                         000008  0000B6  0000BE         4       0  CODE    
                text38                         0000C0  000806  0008C6        30       0  CODE    
                bssCOMRAM                      000501  000039  00053A       501       1  COMRAM  
                bssBANK5                       000560  000080  0005E0       560       1  BANK5   


UNUSED ADDRESS RANGES

        Name                Unused          Largest block    Delta
        BANK10           000A00-000AFF              100
        BANK11           000B00-000BFF              100
        BANK12           000C00-000CFF              100
        BANK13           000D00-000DFF              100
        BANK14           000E00-000EFF              100
        BANK15           000F00-000FFF              100
        BANK16           001000-0010FF              100
        BANK17           001100-0011FF              100
        BANK18           001200-0012FF              100
        BANK19           001300-0013FF              100
        BANK20           001400-0014FF              100
        BANK21           001500-0015FF              100
        BANK5            0005E0-0005FF               20
        BANK6            000600-0006FF              100
        BANK7            000700-0007FF              100
        BANK8            000800-0008FF              100
        BANK9            000900-0009FF              100
        BIGRAM           00053A-00055F               26
                         0005E0-0015FF             1020
        BIGSFR           000000-0004FF              500
        CODE             000004-000007                4
                         0000BE-0000BF                2
                         0008C6-00FFFF             F73A
        COMRAM           00053A-00055F               26
        CONFIG           30000A-300011                8
        CONST            000004-000007                4
                         0000BE-0000BF                2
                         0008C6-00FFFF             F73A
        EEDATA           380000-3801FF              200
        MEDIUMCONST      001600-00FFFF             EA00
        RAM              0005E0-0015FF              100
        SFR              000000-0004FF              100
        SMALLCONST       001600-00FFFF              100

                                  Symbol Table

ADCC_SetADIInterruptHandler@InterruptHandler  cstackCOMRAM 000525
I2C1_SlaveSetAddrIntHandler@handler           cstackCOMRAM 000525
I2C1_SlaveSetBusColIntHandler@handler         cstackCOMRAM 000525
I2C1_SlaveSetReadIntHandler@handler           cstackCOMRAM 000525
I2C1_SlaveSetSlaveAddr@slaveAddr              cstackCOMRAM 000525
I2C1_SlaveSetSlaveMask@maskAddr               cstackCOMRAM 000525
I2C1_SlaveSetWrColIntHandler@handler          cstackCOMRAM 000525
I2C1_SlaveSetWriteIntHandler@handler          cstackCOMRAM 000525
INTERRUPT_Initialize@state                    cstackCOMRAM 000525
IVTBASEH                                      (abs)        00045E
IVTBASEL                                      (abs)        00045D
IVTBASEU                                      (abs)        00045F
TMR0_SetInterruptHandler@InterruptHandler     cstackCOMRAM 000525
TMR1_SetInterruptHandler@InterruptHandler     cstackCOMRAM 000525
TMR1_WriteTimer@timerVal                      cstackCOMRAM 000520
UART1_SetErrorHandler@interruptHandler        cstackCOMRAM 000525
UART1_SetFramingErrorHandler@interruptHandler cstackCOMRAM 000525
UART1_SetOverrunErrorHandler@interruptHandler cstackCOMRAM 000525
_ACTCON                                       (abs)        0000AC
_ADACCH                                       (abs)        0003E4
_ADACCL                                       (abs)        0003E3
_ADACCU                                       (abs)        0003E5
_ADACQH                                       (abs)        0003EF
_ADACQL                                       (abs)        0003EE
_ADACT                                        (abs)        0003F9
_ADCAP                                        (abs)        0003F0
_ADCC_ADI_InterruptHandler                    nvCOMRAM     00052A
_ADCC_DefaultInterruptHandler                 text41       0005EC
_ADCC_ISR                                     text40       0005A4
_ADCC_Initialize                              text21       000322
_ADCC_SetADIInterruptHandler                  text22       000882
_ADCLK                                        (abs)        0003FA
_ADCNT                                        (abs)        0003E6
_ADCON0                                       (abs)        0003F3
_ADCON0bits                                   (abs)        0003F3
_ADCON1                                       (abs)        0003F4
_ADCON1bits                                   (abs)        0003F4
_ADCON2                                       (abs)        0003F5
_ADCON2bits                                   (abs)        0003F5
_ADCON3                                       (abs)        0003F6
_ADCON3bits                                   (abs)        0003F6
_ADERRH                                       (abs)        0003DE
_ADERRL                                       (abs)        0003DD
_ADFLTRH                                      (abs)        0003E2
_ADFLTRL                                      (abs)        0003E1
_ADLTHH                                       (abs)        0003DA
_ADLTHL                                       (abs)        0003D9
_ADPCH                                        (abs)        0003EC
_ADPCHSelector                                bssCOMRAM    000518
_ADPREH                                       (abs)        0003F2
_ADPREL                                       (abs)        0003F1
_ADPREVH                                      (abs)        0003E9
_ADPREVL                                      (abs)        0003E8
_ADREF                                        (abs)        0003F8
_ADRESH                                       (abs)        0003EB
_ADRESL                                       (abs)        0003EA
_ADRPT                                        (abs)        0003E7
_ADSTAT                                       (abs)        0003F7
_ADSTATbits                                   (abs)        0003F7
_ADSTPTH                                      (abs)        0003E0
_ADSTPTL                                      (abs)        0003DF
_ADUTHH                                       (abs)        0003DC
_ADUTHL                                       (abs)        0003DB
_ANSELA                                       (abs)        000400
_ANSELB                                       (abs)        000408
_ANSELC                                       (abs)        000410
_CM1CON0                                      (abs)        000070
_CM1CON0bits                                  (abs)        000070
_CM1CON1                                      (abs)        000071
_CM1NCH                                       (abs)        000072
_CM1PCH                                       (abs)        000073
_CMP1_Initialize                              text20       0007F2
_Default_ISR                                  text39       0008C4
_GIE                                          (abs)        0026B7
_I2C1ADB0                                     (abs)        00028E
_I2C1ADR0                                     (abs)        000290
_I2C1ADR1                                     (abs)        000291
_I2C1ADR2                                     (abs)        000292
_I2C1ADR3                                     (abs)        000293
_I2C1BAUD                                     (abs)        00029D
_I2C1CNTH                                     (abs)        00028D
_I2C1CNTL                                     (abs)        00028C
_I2C1CON0                                     (abs)        000294
_I2C1CON0bits                                 (abs)        000294
_I2C1CON1                                     (abs)        000295
_I2C1CON1bits                                 (abs)        000295
_I2C1CON2                                     (abs)        000296
_I2C1ERRbits                                  (abs)        000297
_I2C1PIEbits                                  (abs)        00029B
_I2C1PIR                                      (abs)        00029A
_I2C1PIRbits                                  (abs)        00029A
_I2C1RXB                                      (abs)        00028A
_I2C1SCLPPS                                   (abs)        000271
_I2C1SDAPPS                                   (abs)        000270
_I2C1STAT0bits                                (abs)        000298
_I2C1STAT1bits                                (abs)        000299
_I2C1TXB                                      (abs)        00028B
_I2C1_ISR                                     text38       0000C0
_I2C1_Initialize                              text19       0007BC
_I2C1_InterruptHandler                        bssCOMRAM    00050F
_I2C1_Open                                    text23       000508
_I2C1_SlaveAddrInterruptHandler               bssCOMRAM    000509
_I2C1_SlaveBusColInterruptHandler             bssCOMRAM    000507
_I2C1_SlaveDefAddrInterruptHandler            (abs)        000000
_I2C1_SlaveDefBusColInterruptHandler          (abs)        000000
_I2C1_SlaveDefRdInterruptHandler              (abs)        000000
_I2C1_SlaveDefWrColInterruptHandler           (abs)        000000
_I2C1_SlaveDefWrInterruptHandler              (abs)        000000
_I2C1_SlaveEnableIrq                          text32       00083E
_I2C1_SlaveOpen                               text31       000806
_I2C1_SlaveRdInterruptHandler                 bssCOMRAM    00050D
_I2C1_SlaveSetAddrIntHandler                  text30       0008B4
_I2C1_SlaveSetBusColIntHandler                text29       0008AA
_I2C1_SlaveSetReadIntHandler                  text28       0008A0
_I2C1_SlaveSetSlaveAddr                       text27       00082C
_I2C1_SlaveSetSlaveMask                       text26       00081A
_I2C1_SlaveSetWrColIntHandler                 text25       000896
_I2C1_SlaveSetWriteIntHandler                 text24       00088C
_I2C1_SlaveWrColInterruptHandler              bssCOMRAM    000505
_I2C1_SlaveWrInterruptHandler                 bssCOMRAM    00050B
_INLVLA                                       (abs)        000404
_INLVLB                                       (abs)        00040C
_INLVLC                                       (abs)        000414
_INTCON0bits                                  (abs)        0004D6
_INTERRUPT_Initialize                         text18       00055A
_IPR1bits                                     (abs)        000368
_IPR3bits                                     (abs)        00036A
_IPR7bits                                     (abs)        00036E
_IVTBASEH                                     (abs)        00045E
_IVTBASEL                                     (abs)        00045D
_IVTBASEU                                     (abs)        00045F
_IVTLOCK                                      (abs)        000459
_IVTLOCKbits                                  (abs)        000459
_Jaccess_reg                                  bssCOMRAM    000511
_Ji2c_registers                               bssBANK5     000560
_Ji2c_state                                   bssCOMRAM    000512
_LATA                                         (abs)        0004BE
_LATB                                         (abs)        0004BF
_LATC                                         (abs)        0004C0
_ODCONA                                       (abs)        000402
_ODCONB                                       (abs)        00040A
_ODCONC                                       (abs)        000412
_OSCCON1                                      (abs)        0000AD
_OSCCON3                                      (abs)        0000AF
_OSCEN                                        (abs)        0000B3
_OSCFRQ                                       (abs)        0000B1
_OSCILLATOR_Initialize                        text17       0007A0
_OSCTUNE                                      (abs)        0000B0
_PIE1bits                                     (abs)        0004A9
_PIE3bits                                     (abs)        0004AB
_PIE7bits                                     (abs)        0004AF
_PIN_MANAGER_Initialize                       text16       0002B4
_PIR1bits                                     (abs)        0004B4
_PIR3bits                                     (abs)        0004B6
_PIR4bits                                     (abs)        0004B7
_PMD0                                         (abs)        000063
_PMD1                                         (abs)        000064
_PMD2                                         (abs)        000065
_PMD3                                         (abs)        000066
_PMD4                                         (abs)        000067
_PMD5                                         (abs)        000068
_PMD_Initialize                               text15       000784
_PORTAbits                                    (abs)        0004CE
_RA2PPS                                       (abs)        000203
_RC3PPS                                       (abs)        000214
_RC6PPS                                       (abs)        000217
_SLRCONA                                      (abs)        000403
_SLRCONB                                      (abs)        00040B
_SLRCONC                                      (abs)        000413
_SYSTEM_Initialize                            text6        00075A
_T0CON0                                       (abs)        00031A
_T0CON0bits                                   (abs)        00031A
_T0CON1                                       (abs)        00031B
_T1CLK                                        (abs)        000317
_T1CON                                        (abs)        000314
_T1CONbits                                    (abs)        000314
_T1GATE                                       (abs)        000316
_T1GCON                                       (abs)        000315
_T1GCONbits                                   (abs)        000315
_TMR0H                                        (abs)        000319
_TMR0L                                        (abs)        000318
_TMR0_DefaultInterruptHandler                 text34       0007D8
_TMR0_ISR                                     text33       0003F4
_TMR0_Initialize                              text13       0006BE
_TMR0_InterruptHandler                        nvCOMRAM     000530
_TMR0_SetInterruptHandler                     text14       000878
_TMR1H                                        (abs)        000313
_TMR1L                                        (abs)        000312
_TMR1_DefaultInterruptHandler                 text37       000634
_TMR1_ISR                                     text35       000454
_TMR1_Initialize                              text11       00067A
_TMR1_InterruptHandler                        nvCOMRAM     00052C
_TMR1_SetInterruptHandler                     text12       00086E
_TMR1_WriteTimer                              text36       00072C
_TRISA                                        (abs)        0004C6
_TRISB                                        (abs)        0004C7
_TRISC                                        (abs)        0004C8
_U1BRGH                                       (abs)        0002AF
_U1BRGL                                       (abs)        0002AE
_U1CON0                                       (abs)        0002AB
_U1CON0bits                                   (abs)        0002AB
_U1CON1                                       (abs)        0002AC
_U1CON2                                       (abs)        0002AD
_U1ERRIE                                      (abs)        0002B3
_U1ERRIR                                      (abs)        0002B2
_U1ERRIRbits                                  (abs)        0002B2
_U1FIFO                                       (abs)        0002B0
_U1P1H                                        (abs)        0002A6
_U1P1L                                        (abs)        0002A5
_U1P2H                                        (abs)        0002A8
_U1P2L                                        (abs)        0002A7
_U1P3H                                        (abs)        0002AA
_U1P3L                                        (abs)        0002A9
_U1RXB                                        (abs)        0002A1
_U1RXPPS                                      (abs)        000272
_U1TXB                                        (abs)        0002A3
_U1UIR                                        (abs)        0002B1
_UART1_DefaultErrorHandler                    text5        0008C2
_UART1_DefaultFramingErrorHandler             text4        0008C0
_UART1_DefaultOverrunErrorHandler             text3        0008BE
_UART1_ErrorHandler                           nvCOMRAM     000534
_UART1_FramingErrorHandler                    nvCOMRAM     000538
_UART1_Initialize                             text7        00038C
_UART1_OverrunErrorHandler                    nvCOMRAM     000536
_UART1_Read                                   text2        000198
_UART1_SetErrorHandler                        text10       000864
_UART1_SetFramingErrorHandler                 text9        00085A
_UART1_SetOverrunErrorHandler                 text8        000850
_WPUA                                         (abs)        000401
_WPUB                                         (abs)        000409
_WPUC                                         (abs)        000411
__HRAM                                        (abs)        000000
__Habs1                                       abs1         000000
__Hbank10                                     bank10       000000
__Hbank11                                     bank11       000000
__Hbank12                                     bank12       000000
__Hbank13                                     bank13       000000
__Hbank14                                     bank14       000000
__Hbank15                                     bank15       000000
__Hbank16                                     bank16       000000
__Hbank17                                     bank17       000000
__Hbank18                                     bank18       000000
__Hbank19                                     bank19       000000
__Hbank20                                     bank20       000000
__Hbank21                                     bank21       000000
__Hbank5                                      bank5        000000
__Hbank6                                      bank6        000000
__Hbank7                                      bank7        000000
__Hbank8                                      bank8        000000
__Hbank9                                      bank9        000000
__Hbigbss                                     bigbss       000000
__Hbigdata                                    bigdata      000000
__Hbigram                                     bigram       000000
__Hbigsfr                                     bigsfr       000000
__Hbss                                        bss          000000
__HbssBANK5                                   bssBANK5     000000
__HbssCOMRAM                                  bssCOMRAM    000000
__Hcinit                                      cinit        000000
__Hclrtext                                    clrtext      000000
__Hcomram                                     comram       000000
__Hconfig                                     config       30000A
__Hconst                                      const        000000
__HcstackCOMRAM                               cstackCOMRAM 000000
__Hdata                                       data         000000
__Heeprom_data                                eeprom_data  000000
__Hfarbss                                     farbss       000000
__Hfardata                                    fardata      000000
__Hheap                                       heap         000000
__Hibigdata                                   ibigdata     000000
__Hidata                                      idata        000000
__Hidloc                                      idloc        200020
__Hifardata                                   ifardata     000000
__Hinit                                       init         0000BE
__Hintsave_regs                               intsave_regs 000000
__Hirdata                                     irdata       000000
__Hivt0x8                                     ivt0x8       0000BA
__Hmediumconst                                mediumconst  000000
__HnvCOMRAM                                   nvCOMRAM     000000
__HnvFARRAM                                   nvFARRAM     000000
__Hnvbit                                      nvbit        000000
__Hnvrram                                     nvrram       000000
__Hparam                                      rparam       000000
__Hpowerup                                    powerup      000000
__Hram                                        ram          000000
__Hramtop                                     ramtop       001600
__Hrbit                                       rbit         000000
__Hrbss                                       rbss         000000
__Hrdata                                      rdata        000000
__Hreset_vec                                  reset_vec    000004
__Hrparam                                     rparam       000000
__Hsfr                                        sfr          000000
__Hsmallconst                                 smallconst   000000
__Hspace_0                                    (abs)        001600
__Hspace_1                                    (abs)        0005E0
__Hspace_2                                    (abs)        000000
__Hspace_4                                    (abs)        60000A
__Hstack                                      stack        000000
__Hstruct                                     struct       000000
__Htemp                                       temp         000000
__Htext                                       text         000000
__Htext0                                      text0        000000
__Htext1                                      text1        000000
__Htext10                                     text10       000000
__Htext11                                     text11       000000
__Htext12                                     text12       000000
__Htext13                                     text13       000000
__Htext14                                     text14       000000
__Htext15                                     text15       000000
__Htext16                                     text16       000000
__Htext17                                     text17       000000
__Htext18                                     text18       000000
__Htext19                                     text19       000000
__Htext2                                      text2        000000
__Htext20                                     text20       000000
__Htext21                                     text21       000000
__Htext22                                     text22       000000
__Htext23                                     text23       000000
__Htext24                                     text24       000000
__Htext25                                     text25       000000
__Htext26                                     text26       000000
__Htext27                                     text27       000000
__Htext28                                     text28       000000
__Htext29                                     text29       000000
__Htext3                                      text3        000000
__Htext30                                     text30       000000
__Htext31                                     text31       000000
__Htext32                                     text32       000000
__Htext33                                     text33       000000
__Htext34                                     text34       000000
__Htext35                                     text35       000000
__Htext36                                     text36       000000
__Htext37                                     text37       000000
__Htext38                                     text38       000000
__Htext39                                     text39       000000
__Htext4                                      text4        000000
__Htext40                                     text40       000000
__Htext41                                     text41       000000
__Htext42                                     text42       000000
__Htext5                                      text5        000000
__Htext6                                      text6        000000
__Htext7                                      text7        000000
__Htext8                                      text8        000000
__Htext9                                      text9        000000
__LRAM                                        (abs)        000001
__Labs1                                       abs1         000000
__Lbank10                                     bank10       000000
__Lbank11                                     bank11       000000
__Lbank12                                     bank12       000000
__Lbank13                                     bank13       000000
__Lbank14                                     bank14       000000
__Lbank15                                     bank15       000000
__Lbank16                                     bank16       000000
__Lbank17                                     bank17       000000
__Lbank18                                     bank18       000000
__Lbank19                                     bank19       000000
__Lbank20                                     bank20       000000
__Lbank21                                     bank21       000000
__Lbank5                                      bank5        000000
__Lbank6                                      bank6        000000
__Lbank7                                      bank7        000000
__Lbank8                                      bank8        000000
__Lbank9                                      bank9        000000
__Lbigbss                                     bigbss       000000
__Lbigdata                                    bigdata      000000
__Lbigram                                     bigram       000000
__Lbigsfr                                     bigsfr       000000
__Lbss                                        bss          000000
__LbssBANK5                                   bssBANK5     000000
__LbssCOMRAM                                  bssCOMRAM    000000
__Lcinit                                      cinit        000000
__Lclrtext                                    clrtext      000000
__Lcomram                                     comram       000000
__Lconfig                                     config       000000
__Lconst                                      const        000000
__LcstackCOMRAM                               cstackCOMRAM 000000
__Ldata                                       data         000000
__Leeprom_data                                eeprom_data  000000
__Lfarbss                                     farbss       000000
__Lfardata                                    fardata      000000
__Lheap                                       heap         000000
__Libigdata                                   ibigdata     000000
__Lidata                                      idata        000000
__Lidloc                                      idloc        000000
__Lifardata                                   ifardata     000000
__Linit                                       init         0000BA
__Lintsave_regs                               intsave_regs 000000
__Lirdata                                     irdata       000000
__Livt0x8                                     ivt0x8       000008
__Lmediumconst                                mediumconst  000000
__LnvCOMRAM                                   nvCOMRAM     000000
__LnvFARRAM                                   nvFARRAM     000000
__Lnvbit                                      nvbit        000000
__Lnvrram                                     nvrram       000000
__Lparam                                      rparam       000000
__Lpowerup                                    powerup      000000
__Lram                                        ram          000000
__Lramtop                                     ramtop       001600
__Lrbit                                       rbit         000000
__Lrbss                                       rbss         000000
__Lrdata                                      rdata        000000
__Lreset_vec                                  reset_vec    000000
__Lrparam                                     rparam       000000
__Lsfr                                        sfr          000000
__Lsmallconst                                 smallconst   000000
__Lspace_0                                    (abs)        000000
__Lspace_1                                    (abs)        000000
__Lspace_2                                    (abs)        000000
__Lspace_4                                    (abs)        000000
__Lstack                                      stack        000000
__Lstruct                                     struct       000000
__Ltemp                                       temp         000000
__Ltext                                       text         000000
__Ltext0                                      text0        000000
__Ltext1                                      text1        000000
__Ltext10                                     text10       000000
__Ltext11                                     text11       000000
__Ltext12                                     text12       000000
__Ltext13                                     text13       000000
__Ltext14                                     text14       000000
__Ltext15                                     text15       000000
__Ltext16                                     text16       000000
__Ltext17                                     text17       000000
__Ltext18                                     text18       000000
__Ltext19                                     text19       000000
__Ltext2                                      text2        000000
__Ltext20                                     text20       000000
__Ltext21                                     text21       000000
__Ltext22                                     text22       000000
__Ltext23                                     text23       000000
__Ltext24                                     text24       000000
__Ltext25                                     text25       000000
__Ltext26                                     text26       000000
__Ltext27                                     text27       000000
__Ltext28                                     text28       000000
__Ltext29                                     text29       000000
__Ltext3                                      text3        000000
__Ltext30                                     text30       000000
__Ltext31                                     text31       000000
__Ltext32                                     text32       000000
__Ltext33                                     text33       000000
__Ltext34                                     text34       000000
__Ltext35                                     text35       000000
__Ltext36                                     text36       000000
__Ltext37                                     text37       000000
__Ltext38                                     text38       000000
__Ltext39                                     text39       000000
__Ltext4                                      text4        000000
__Ltext40                                     text40       000000
__Ltext41                                     text41       000000
__Ltext42                                     text42       000000
__Ltext5                                      text5        000000
__Ltext6                                      text6        000000
__Ltext7                                      text7        000000
__Ltext8                                      text8        000000
__Ltext9                                      text9        000000
__S0                                          (abs)        0008C6
__S1                                          (abs)        0005E0
__S4                                          (abs)        000000
__S5                                          (abs)        000000
___heap_hi                                    (abs)        000000
___heap_lo                                    (abs)        000000
___inthi_sp                                   stack        000000
___intlo_sp                                   stack        000000
___param_bank                                 (abs)        000000
___rparam_used                                (abs)        000001
___sp                                         stack        000000
__accesstop                                   (abs)        000560
__activetblptr                                (abs)        000002
__end_of_ADCC_DefaultInterruptHandler         text41       000634
__end_of_ADCC_ISR                             text40       0005EC
__end_of_ADCC_Initialize                      text21       00038C
__end_of_ADCC_SetADIInterruptHandler          text22       00088C
__end_of_CMP1_Initialize                      text20       000806
__end_of_Default_ISR                          text39       0008C6
__end_of_I2C1_ISR                             text38       000198
__end_of_I2C1_Initialize                      text19       0007D8
__end_of_I2C1_Open                            text23       00055A
__end_of_I2C1_SlaveEnableIrq                  text32       000850
__end_of_I2C1_SlaveOpen                       text31       00081A
__end_of_I2C1_SlaveSetAddrIntHandler          text30       0008BE
__end_of_I2C1_SlaveSetBusColIntHandler        text29       0008B4
__end_of_I2C1_SlaveSetReadIntHandler          text28       0008AA
__end_of_I2C1_SlaveSetSlaveAddr               text27       00083E
__end_of_I2C1_SlaveSetSlaveMask               text26       00082C
__end_of_I2C1_SlaveSetWrColIntHandler         text25       0008A0
__end_of_I2C1_SlaveSetWriteIntHandler         text24       000896
__end_of_INTERRUPT_Initialize                 text18       0005A4
__end_of_OSCILLATOR_Initialize                text17       0007BC
__end_of_PIN_MANAGER_Initialize               text16       000322
__end_of_PMD_Initialize                       text15       0007A0
__end_of_SYSTEM_Initialize                    text6        000784
__end_of_TMR0_DefaultInterruptHandler         text34       0007F2
__end_of_TMR0_ISR                             text33       000454
__end_of_TMR0_Initialize                      text13       0006FC
__end_of_TMR0_SetInterruptHandler             text14       000882
__end_of_TMR1_DefaultInterruptHandler         text37       00067A
__end_of_TMR1_ISR                             text35       0004B4
__end_of_TMR1_Initialize                      text11       0006BE
__end_of_TMR1_SetInterruptHandler             text12       000878
__end_of_TMR1_WriteTimer                      text36       00075A
__end_of_UART1_DefaultErrorHandler            text5        0008C4
__end_of_UART1_DefaultFramingErrorHandler     text4        0008C2
__end_of_UART1_DefaultOverrunErrorHandler     text3        0008C0
__end_of_UART1_Initialize                     text7        0003F4
__end_of_UART1_Read                           text2        000232
__end_of_UART1_SetErrorHandler                text10       00086E
__end_of_UART1_SetFramingErrorHandler         text9        000864
__end_of_UART1_SetOverrunErrorHandler         text8        00085A
__end_of__initialization                      cinit        000722
__end_of_acquire_sync                         text1        0002B4
__end_of_main                                 text0        000508
__initialization                              cinit        0006FC
__mediumconst                                 mediumconst  000000
__pbssBANK5                                   bssBANK5     000560
__pbssCOMRAM                                  bssCOMRAM    000501
__pcinit                                      cinit        0006FC
__pcstackCOMRAM                               cstackCOMRAM 000519
__pivt0x8                                     ivt0x8       000008
__pnvCOMRAM                                   nvCOMRAM     00052A
__ptext0                                      text0        0004B4
__ptext1                                      text1        000232
__ptext10                                     text10       000864
__ptext11                                     text11       00067A
__ptext12                                     text12       00086E
__ptext13                                     text13       0006BE
__ptext14                                     text14       000878
__ptext15                                     text15       000784
__ptext16                                     text16       0002B4
__ptext17                                     text17       0007A0
__ptext18                                     text18       00055A
__ptext19                                     text19       0007BC
__ptext2                                      text2        000198
__ptext20                                     text20       0007F2
__ptext21                                     text21       000322
__ptext22                                     text22       000882
__ptext23                                     text23       000508
__ptext24                                     text24       00088C
__ptext25                                     text25       000896
__ptext26                                     text26       00081A
__ptext27                                     text27       00082C
__ptext28                                     text28       0008A0
__ptext29                                     text29       0008AA
__ptext3                                      text3        0008BE
__ptext30                                     text30       0008B4
__ptext31                                     text31       000806
__ptext32                                     text32       00083E
__ptext33                                     text33       0003F4
__ptext34                                     text34       0007D8
__ptext35                                     text35       000454
__ptext36                                     text36       00072C
__ptext37                                     text37       000634
__ptext38                                     text38       0000C0
__ptext39                                     text39       0008C4
__ptext4                                      text4        0008C0
__ptext40                                     text40       0005A4
__ptext41                                     text41       0005EC
__ptext42                                     text42       000000
__ptext5                                      text5        0008C2
__ptext6                                      text6        00075A
__ptext7                                      text7        00038C
__ptext8                                      text8        000850
__ptext9                                      text9        00085A
__ramtop                                      ramtop       001600
__smallconst                                  smallconst   000000
_acquire_sync                                 text1        000232
_i2c1RdData                                   bssCOMRAM    000515
_i2c1SlaveAddr                                bssCOMRAM    000514
_i2c1SlaveState                               bssCOMRAM    000513
_i2c1WrData                                   bssCOMRAM    000516
_main                                         text0        0004B4
_millis                                       bssCOMRAM    000501
_timer0ReloadVal16bit                         nvCOMRAM     000532
_timer1ReloadVal                              nvCOMRAM     00052E
_uart1RxLastError                             bssCOMRAM    000517
acquire_sync@i                                cstackCOMRAM 000525
acquire_sync@i_1518                           cstackCOMRAM 000527
end_of_initialization                         cinit        000722
intlevel0                                     text         000000
intlevel1                                     text         000000
intlevel2                                     text         000000
intlevel3                                     text         000000
isa$std                                       (abs)        000001
isa$xinst                                     (abs)        000000
ivt0x8_base                                   ivt0x8       000008
ivt0x8_undefint                               ivt0x8       0000B8
main@i                                        cstackCOMRAM 000529
stackhi                                       (abs)        000000
stacklo                                       (abs)        000000
start                                         init         0000BA
start_initialization                          cinit        0006FC


MODULE INFORMATION

Module		Function		Class		Link	Load	Size
mcc_generated_files/cmp1.c
		_CMP1_Initialize		CODE           	07F2	0000	20

mcc_generated_files/cmp1.c estimated size: 20

mcc_generated_files/interrupt_manager.c
		_INTERRUPT_Initialize		CODE           	055A	0000	74
		_Default_ISR   		CODE           	08C4	0000	2

mcc_generated_files/interrupt_manager.c estimated size: 76

mcc_generated_files/tmr0.c
		_TMR0_SetInterruptHandler		CODE           	0878	0000	10
		_TMR0_DefaultInterruptHandler		CODE           	07D8	0000	26
		_TMR0_ISR      		CODE           	03F4	0000	96
		_TMR0_Initialize		CODE           	06BE	0000	62

mcc_generated_files/tmr0.c estimated size: 194

mcc_generated_files/pin_manager.c
		_PIN_MANAGER_Initialize		CODE           	02B4	0000	110

mcc_generated_files/pin_manager.c estimated size: 110

mcc_generated_files/i2c1_slave.c
		_I2C1_SlaveSetReadIntHandler		CODE           	08A0	0000	10
		_I2C1_SlaveSetAddrIntHandler		CODE           	08B4	0000	10
		_I2C1_SlaveEnableIrq		CODE           	083E	0000	18
		_I2C1_SlaveOpen		CODE           	0806	0000	20
		_I2C1_SlaveSetSlaveAddr		CODE           	082C	0000	18
		_I2C1_ISR      		CODE           	00C0	0000	216
		_I2C1_Open     		CODE           	0508	0000	82
		_I2C1_Initialize		CODE           	07BC	0000	28
		_I2C1_SlaveSetWrColIntHandler		CODE           	0896	0000	10
		_I2C1_SlaveSetWriteIntHandler		CODE           	088C	0000	10
		_I2C1_SlaveSetBusColIntHandler		CODE           	08AA	0000	10
		_I2C1_SlaveSetSlaveMask		CODE           	081A	0000	18

mcc_generated_files/i2c1_slave.c estimated size: 450

mcc_generated_files/uart1.c
		_UART1_SetFramingErrorHandler		CODE           	085A	0000	10
		_UART1_SetOverrunErrorHandler		CODE           	0850	0000	10
		_UART1_Initialize		CODE           	038C	0000	104
		_UART1_SetErrorHandler		CODE           	0864	0000	10
		_UART1_Read    		CODE           	0198	0000	154
		_UART1_DefaultFramingErrorHandler		CODE           	08C0	0000	2
		_UART1_DefaultErrorHandler		CODE           	08C2	0000	2
		_UART1_DefaultOverrunErrorHandler		CODE           	08BE	0000	2

mcc_generated_files/uart1.c estimated size: 294

shared
		__initialization		CODE           	06FC	0000	38

shared estimated size: 38

mcc_generated_files/mcc.c
		_PMD_Initialize		CODE           	0784	0000	28
		_OSCILLATOR_Initialize		CODE           	07A0	0000	28
		_SYSTEM_Initialize		CODE           	075A	0000	42

mcc_generated_files/mcc.c estimated size: 98

mcc_generated_files/tmr1.c
		_TMR1_Initialize		CODE           	067A	0000	68
		_TMR1_SetInterruptHandler		CODE           	086E	0000	10
		_TMR1_DefaultInterruptHandler		CODE           	0634	0000	70
		_TMR1_WriteTimer		CODE           	072C	0000	46
		_TMR1_ISR      		CODE           	0454	0000	96

mcc_generated_files/tmr1.c estimated size: 290

mcc_generated_files/adcc.c
		_ADCC_DefaultInterruptHandler		CODE           	05EC	0000	72
		_ADCC_SetADIInterruptHandler		CODE           	0882	0000	10
		_ADCC_ISR      		CODE           	05A4	0000	72
		_ADCC_Initialize		CODE           	0322	0000	106

mcc_generated_files/adcc.c estimated size: 260

main.c
		_main          		CODE           	04B4	0000	84
		_acquire_sync  		CODE           	0232	0000	130

main.c estimated size: 214

