Microchip MPLAB XC8 Compiler V2.36

Linker command line:

-W-3 --edf=C:\Program Files\Microchip\xc8\v2.36\pic\dat\en_msgs.txt \
  -pivt0x8=08h -cn -h+dist/default/production\shinstrap.X.production.sym \
  --cmf=dist/default/production\shinstrap.X.production.cmf -z -Q18F16Q40 \
  -oC:\Users\juddf\AppData\Local\Temp\xcAsmjs.4 --defsym=__MPLAB_BUILD=1 \
  -Mdist/default/production/shinstrap.X.production.map \
  --md=C:\Users\juddf\AppData\Local\Temp\xcAsmjs.dat -E1 -ver=XC8 Compiler \
  --acfsm=1493 -ACODE=00h-0FFFFh -ACONST=00h-0FFFFh \
  -ASMALLCONST=01500h-015FFhx235 -AMEDIUMCONST=01500h-0FFFFh \
  -ACOMRAM=0501h-055Fh -AABS1=0500h-014FFh -ABIGRAM=0501h-014FFh \
  -ARAM=0560h-05FFh,0600h-06FFhx15 -ABANK5=0560h-05FFh -ABANK6=0600h-06FFh \
  -ABANK7=0700h-07FFh -ABANK8=0800h-08FFh -ABANK9=0900h-09FFh \
  -ABANK10=0A00h-0AFFh -ABANK11=0B00h-0BFFh -ABANK12=0C00h-0CFFh \
  -ABANK13=0D00h-0DFFh -ABANK14=0E00h-0EFFh -ABANK15=0F00h-0FFFh \
  -ABANK16=01000h-010FFh -ABANK17=01100h-011FFh -ABANK18=01200h-012FFh \
  -ABANK19=01300h-013FFh -ABANK20=01400h-014FFh \
  -ASFR=00h-0FFhx4,0400h-045Fh,0460h-04FFh,01500h-015FFh \
  -ABIGSFR=00h-04FFh,01500h-015FFh -ACONFIG=0300000h-0300011h \
  -AIDLOC=0200000h-020003Fh -AEEDATA=0380000h-03801FFh -peeprom_data=EEDATA \
  -preset_vec=00h -ppowerup=CODE,init -pramtop=01500h \
  -psmallconst=SMALLCONST -pmediumconst=MEDIUMCONST -pconst=CONST \
  -AFARRAM=00h-00h \
  -prdata=COMRAM,nvrram=COMRAM,nvbit=COMRAM,rbss=COMRAM,rbit=COMRAM \
  -pfarbss=FARRAM,fardata=FARRAM,nvFARRAM=FARRAM \
  -pintsave_regs=BIGRAM,bigbss=BIGRAM,bigdata=BIGRAM -pbss=RAM \
  -pidata=CODE,irdata=CODE,ibigdata=CODE,ifardata=CODE -prparam=COMRAM \
  C:\Users\juddf\AppData\Local\Temp\xcAsmjs.o \
  dist/default/production\shinstrap.X.production.o 

Object code version is 3.11

Machine type is 18F16Q40



                Name                               Link     Load   Length Selector   Space Scale
C:\Users\juddf\AppData\Local\Temp\xcAsmjs.o
                idloc                            200000   200000       40        0       5
                config                           300000   300000        A        0       4
                init                                 BA       BA        4        4       0
                reset_vec                             0        0        4        0       0
dist/default/production\shinstrap.X.production.o
                idloc                            200000   200000       40        0       5
                config                           300000   300000        A        0       4
                smallconst                         1500     1500       28      A80       0
                ivt0x8                                8        8       B2        4       0
                text76                             22DC     22DC        2      A94       0
                text75                             2288     2288        8      A94       0
                text74                             2220     2220        C      A94       0
                text73                             20E8     20E8       1C      A94       0
                text72                             1FDE     1FDE       2A      A94       0
                text71                             22C6     22C6        6      A94       0
                text70                             22C0     22C0        6      A94       0
                text69                             22BA     22BA        6      A94       0
                text68                             21A2     21A2       16      A94       0
                text67                             218C     218C       16      A94       0
                text66                             2176     2176       16      A94       0
                text65                             1D38     1D38       52      A94       0
                text64                             2052     2052       22      A94       0
                text63                             18E6     18E6       82      A94       0
                text62                             211C     211C       18      A94       0
                text61                             1F88     1F88       2C      A94       0
                text60                             1F5C     1F5C       2C      A94       0
                text59                             1F30     1F30       2C      A94       0
                text58                             1F04     1F04       2C      A94       0
                text57                             1E22     1E22       4C      A94       0
                text56                             22D8     22D8        4      A94       0
                text55                             22D4     22D4        4      A94       0
                text54                             225E     225E        A      A94       0
                text53                             22B4     22B4        6      A94       0
                text52                             22AE     22AE        6      A94       0
                text51                             21CC     21CC       10      A94       0
                text50                             2254     2254        A      A94       0
                text49                             22A8     22A8        6      A94       0
                text48                             2160     2160       16      A94       0
                text47                             22A2     22A2        6      A94       0
                text46                             229C     229C        6      A94       0
                text45                             2296     2296        6      A94       0
                text44                             2290     2290        6      A94       0
                text43                             214A     214A       16      A94       0
                text42                             2134     2134       16      A94       0
                text41                             2280     2280        8      A94       0
                text40                             224A     224A        A      A94       0
                text39                             1FB4     1FB4       2A      A94       0
                text38                             21B8     21B8       14      A94       0
                text37                             1528     1528      11E      A94       0
                text36                             17C0     17C0       98      A94       0
                text35                             1968     1968       78      A94       0
                text34                             1724     1724       9C      A94       0
                text33                             2214     2214        C      A94       0
                text32                             22D0     22D0        4      A94       0
                text31                             22CC     22CC        4      A94       0
                text30                             2008     2008       28      A94       0
                text29                             2278     2278        8      A94       0
                text28                             2206     2206        E      A94       0
                text27                             2270     2270        8      A94       0
                text26                             21F8     21F8        E      A94       0
                text25                             1C78     1C78       66      A94       0
                text24                             1BA2     1BA2       6E      A94       0
                text23                             21EA     21EA        E      A94       0
                text22                             1A54     1A54       72      A94       0
                text21                             1CDE     1CDE       5A      A94       0
                text20                             20CC     20CC       1C      A94       0
                text19                             1DD6     1DD6       4C      A94       0
                text18                             2268     2268        8      A94       0
                text17                             1EA8     1EA8       30      A94       0
                text16                             1858     1858       8E      A94       0
                text15                             2104     2104       18      A94       0
                text14                             19E0     19E0       74      A94       0
                text13                             1B34     1B34       6E      A94       0
                text12                             1D8A     1D8A       4C      A94       0
                text11                             1ED8     1ED8       2C      A94       0
                text10                             1E6E     1E6E       3A      A94       0
                text9                              20B0     20B0       1C      A94       0
                text8                              1AC6     1AC6       6E      A94       0
                text7                              2094     2094       1C      A94       0
                text6                              21DC     21DC        E      A94       0
                text5                              2240     2240        A      A94       0
                text4                              2236     2236        A      A94       0
                text3                              222C     222C        A      A94       0
                text2                              1C10     1C10       68      A94       0
                text1                              2030     2030       22      A94       0
                text0                              1646     1646       DE      A94       0
                cstackCOMRAM                        533      533       1C      501       1
                bssCOMRAM                           501      501       32      501       1
                cinit                              2074     2074       20      A94       0
                nvCOMRAM                            54F      54F        6      501       1

TOTAL           Name                               Link     Load   Length     Space
        CLASS   CODE           
                init                                 BA       BA        4         0
                reset_vec                             0        0        4         0
                ivt0x8                                8        8       B2         0
                text76                             22DC     22DC        2         0
                text75                             2288     2288        8         0
                text74                             2220     2220        C         0
                text73                             20E8     20E8       1C         0
                text72                             1FDE     1FDE       2A         0
                text71                             22C6     22C6        6         0
                text70                             22C0     22C0        6         0
                text69                             22BA     22BA        6         0
                text68                             21A2     21A2       16         0
                text67                             218C     218C       16         0
                text66                             2176     2176       16         0
                text65                             1D38     1D38       52         0
                text64                             2052     2052       22         0
                text63                             18E6     18E6       82         0
                text62                             211C     211C       18         0
                text61                             1F88     1F88       2C         0
                text60                             1F5C     1F5C       2C         0
                text59                             1F30     1F30       2C         0
                text58                             1F04     1F04       2C         0
                text57                             1E22     1E22       4C         0
                text56                             22D8     22D8        4         0
                text55                             22D4     22D4        4         0
                text54                             225E     225E        A         0
                text53                             22B4     22B4        6         0
                text52                             22AE     22AE        6         0
                text51                             21CC     21CC       10         0
                text50                             2254     2254        A         0
                text49                             22A8     22A8        6         0
                text48                             2160     2160       16         0
                text47                             22A2     22A2        6         0
                text46                             229C     229C        6         0
                text45                             2296     2296        6         0
                text44                             2290     2290        6         0
                text43                             214A     214A       16         0
                text42                             2134     2134       16         0
                text41                             2280     2280        8         0
                text40                             224A     224A        A         0
                text39                             1FB4     1FB4       2A         0
                text38                             21B8     21B8       14         0
                text37                             1528     1528      11E         0
                text36                             17C0     17C0       98         0
                text35                             1968     1968       78         0
                text34                             1724     1724       9C         0
                text33                             2214     2214        C         0
                text32                             22D0     22D0        4         0
                text31                             22CC     22CC        4         0
                text30                             2008     2008       28         0
                text29                             2278     2278        8         0
                text28                             2206     2206        E         0
                text27                             2270     2270        8         0
                text26                             21F8     21F8        E         0
                text25                             1C78     1C78       66         0
                text24                             1BA2     1BA2       6E         0
                text23                             21EA     21EA        E         0
                text22                             1A54     1A54       72         0
                text21                             1CDE     1CDE       5A         0
                text20                             20CC     20CC       1C         0
                text19                             1DD6     1DD6       4C         0
                text18                             2268     2268        8         0
                text17                             1EA8     1EA8       30         0
                text16                             1858     1858       8E         0
                text15                             2104     2104       18         0
                text14                             19E0     19E0       74         0
                text13                             1B34     1B34       6E         0
                text12                             1D8A     1D8A       4C         0
                text11                             1ED8     1ED8       2C         0
                text10                             1E6E     1E6E       3A         0
                text9                              20B0     20B0       1C         0
                text8                              1AC6     1AC6       6E         0
                text7                              2094     2094       1C         0
                text6                              21DC     21DC        E         0
                text5                              2240     2240        A         0
                text4                              2236     2236        A         0
                text3                              222C     222C        A         0
                text2                              1C10     1C10       68         0
                text1                              2030     2030       22         0
                text0                              1646     1646       DE         0
                cinit                              2074     2074       20         0

        CLASS   CONST          

        CLASS   SMALLCONST     
                smallconst                         1500     1500       28         0

        CLASS   MEDIUMCONST    

        CLASS   COMRAM         
                cstackCOMRAM                        533      533       1C         1
                bssCOMRAM                           501      501       32         1
                nvCOMRAM                            54F      54F        6         1

        CLASS   ABS1           

        CLASS   BIGRAM         

        CLASS   RAM            

        CLASS   BANK5          

        CLASS   BANK6          

        CLASS   BANK7          

        CLASS   BANK8          

        CLASS   BANK9          

        CLASS   BANK10         

        CLASS   BANK11         

        CLASS   BANK12         

        CLASS   BANK13         

        CLASS   BANK14         

        CLASS   BANK15         

        CLASS   BANK16         

        CLASS   BANK17         

        CLASS   BANK18         

        CLASS   BANK19         

        CLASS   BANK20         

        CLASS   SFR            

        CLASS   BIGSFR         

        CLASS   CONFIG         
                config                           300000   300000        A         4

        CLASS   IDLOC          
                idloc                            200000   200000       40         5

        CLASS   EEDATA         

        CLASS   FARRAM         

        CLASS   HEAP           

        CLASS   STACK          



SEGMENTS        Name                           Load    Length   Top    Selector   Space  Class

                reset_vec                      000000  000004  000004         0       0  CODE    
                ivt0x8                         000008  0000B6  0000BE         4       0  CODE    
                bssCOMRAM                      000501  000054  000555       501       1  COMRAM  
                smallconst                     001500  000028  001528       A80       0  SMALLCON
                text37                         001528  000DB6  0022DE       A94       0  CODE    


UNUSED ADDRESS RANGES

        Name                Unused          Largest block    Delta
        BANK10           000A00-000AFF              100
        BANK11           000B00-000BFF              100
        BANK12           000C00-000CFF              100
        BANK13           000D00-000DFF              100
        BANK14           000E00-000EFF              100
        BANK15           000F00-000FFF              100
        BANK16           001000-0010FF              100
        BANK17           001100-0011FF              100
        BANK18           001200-0012FF              100
        BANK19           001300-0013FF              100
        BANK20           001400-0014FF              100
        BANK5            000560-0005FF               A0
        BANK6            000600-0006FF              100
        BANK7            000700-0007FF              100
        BANK8            000800-0008FF              100
        BANK9            000900-0009FF              100
        BIGRAM           000555-0014FF              FAB
        BIGSFR           000000-0004FF              500
                         001500-0015FF              100
        CODE             000004-000007                4
                         0000BE-0014FF             1442
                         0022DE-00FFFF             DD22
        COMRAM           000555-00055F                B
        CONFIG           30000A-300011                8
        CONST            000004-000007                4
                         0000BE-0014FF             1442
                         0022DE-00FFFF             DD22
        EEDATA           380000-3801FF              200
        MEDIUMCONST      0022DE-00FFFF             DD22
        RAM              000560-0014FF              100
        SFR              000000-0004FF              100
                         001500-0015FF              100
        SMALLCONST       0022DE-00FFFF              100

                                  Symbol Table

I2C1_CallbackReturnReset@funPtr               cstackCOMRAM 00053C
I2C1_Close@returnValue                        cstackCOMRAM 000533
I2C1_DO_RX@retFsmState                        cstackCOMRAM 000542
I2C1_DO_TX@dataTx                             cstackCOMRAM 000542
I2C1_DO_TX@retFsmState                        cstackCOMRAM 000543
I2C1_MasterOperation@read                     cstackCOMRAM 000546
I2C1_MasterOperation@returnValue              cstackCOMRAM 000547
I2C1_MasterSendTxData@data                    cstackCOMRAM 000533
I2C1_MasterSetCounter@counter                 cstackCOMRAM 000533
I2C1_Open@address                             cstackCOMRAM 000533
I2C1_Open@returnValue                         cstackCOMRAM 000534
I2C1_Read1ByteRegister@address                cstackCOMRAM 000549
I2C1_Read1ByteRegister@reg                    cstackCOMRAM 000548
I2C1_Read1ByteRegister@returnValue            cstackCOMRAM 00054A
I2C1_SetAddressNackCallback@cb                cstackCOMRAM 000538
I2C1_SetAddressNackCallback@ptr               cstackCOMRAM 00053A
I2C1_SetBuffer@buffer                         cstackCOMRAM 000533
I2C1_SetBuffer@bufferSize                     cstackCOMRAM 000535
I2C1_SetCallback@cb                           cstackCOMRAM 000533
I2C1_SetCallback@idx                          cstackCOMRAM 000537
I2C1_SetCallback@ptr                          cstackCOMRAM 000535
I2C1_SetDataCompleteCallback@cb               cstackCOMRAM 000538
I2C1_SetDataCompleteCallback@ptr              cstackCOMRAM 00053A
I2C1_Write1ByteRegister@address               cstackCOMRAM 00054A
I2C1_Write1ByteRegister@data                  cstackCOMRAM 000549
I2C1_Write1ByteRegister@reg                   cstackCOMRAM 000548
INTERRUPT_Initialize@state                    cstackCOMRAM 000533
IVTBASEH                                      (abs)        00045E
IVTBASEL                                      (abs)        00045D
IVTBASEU                                      (abs)        00045F
UART1_SetErrorHandler@interruptHandler        cstackCOMRAM 000533
UART1_SetFramingErrorHandler@interruptHandler cstackCOMRAM 000533
UART1_SetOverrunErrorHandler@interruptHandler cstackCOMRAM 000533
_ACTCON                                       (abs)        0000AC
_ANSELA                                       (abs)        000400
_ANSELB                                       (abs)        000408
_ANSELC                                       (abs)        000410
_DMA1PR                                       (abs)        0000B6
_DMA1_Initialize                              text12       001D8A
_DMASELECT                                    (abs)        0000E8
_DMAnAIRQ                                     (abs)        0000FE
_DMAnCON0                                     (abs)        0000FC
_DMAnCON0bits                                 (abs)        0000FC
_DMAnCON1                                     (abs)        0000FD
_DMAnCON1bits                                 (abs)        0000FD
_DMAnDPTR                                     (abs)        0000EC
_DMAnDSA                                      (abs)        0000F0
_DMAnDSZ                                      (abs)        0000EE
_DMAnSIRQ                                     (abs)        0000FF
_DMAnSPTR                                     (abs)        0000F4
_DMAnSSA                                      (abs)        0000F9
_DMAnSSZ                                      (abs)        0000F7
_Default_ISR                                  text76       0022DC
_GIE                                          (abs)        0026B7
_I2C1BAUD                                     (abs)        00029D
_I2C1CLK                                      (abs)        00029E
_I2C1CNTH                                     (abs)        00028D
_I2C1CNTL                                     (abs)        00028C
_I2C1CON0                                     (abs)        000294
_I2C1CON0bits                                 (abs)        000294
_I2C1CON1                                     (abs)        000295
_I2C1CON1bits                                 (abs)        000295
_I2C1CON2                                     (abs)        000296
_I2C1ERR                                      (abs)        000297
_I2C1ERRbits                                  (abs)        000297
_I2C1PIE                                      (abs)        00029B
_I2C1PIEbits                                  (abs)        00029B
_I2C1PIR                                      (abs)        00029A
_I2C1PIRbits                                  (abs)        00029A
_I2C1RXB                                      (abs)        00028A
_I2C1SCLPPS                                   (abs)        000271
_I2C1SDAPPS                                   (abs)        000270
_I2C1STAT1bits                                (abs)        000299
_I2C1TXB                                      (abs)        00028B
_I2C1_CallbackReturnReset                     text55       0022D4
_I2C1_CallbackReturnStop                      text56       0022D8
_I2C1_ClearInterruptFlags                     text65       001D38
_I2C1_Close                                   text72       001FDE
_I2C1_DO_ADDRESS_NACK                         text25       001C78
_I2C1_DO_BUS_COLLISION                        text24       001BA2
_I2C1_DO_BUS_ERROR                            text23       0021EA
_I2C1_DO_IDLE                                 text40       00224A
_I2C1_DO_RESET                                text26       0021F8
_I2C1_DO_RX                                   text36       0017C0
_I2C1_DO_RX_ACK                               text29       002278
_I2C1_DO_RX_EMPTY                             text34       001724
_I2C1_DO_RX_NACK_RESTART                      text27       002270
_I2C1_DO_RX_NACK_STOP                         text28       002206
_I2C1_DO_SEND_ADR_READ                        text39       001FB4
_I2C1_DO_SEND_ADR_WRITE                       text38       0021B8
_I2C1_DO_SEND_RESTART                         text31       0022CC
_I2C1_DO_SEND_RESTART_READ                    text33       002214
_I2C1_DO_SEND_RESTART_WRITE                   text32       0022D0
_I2C1_DO_SEND_STOP                            text30       002008
_I2C1_DO_TX                                   text37       001528
_I2C1_DO_TX$805                               cstackCOMRAM 000540
_I2C1_DO_TX_ACK                               text41       002280
_I2C1_DO_TX_EMPTY                             text35       001968
_I2C1_Initialize                              text11       001ED8
_I2C1_MasterClearCountFlag                    text71       0022C6
_I2C1_MasterClearIrq                          text75       002288
_I2C1_MasterClearNackFlag                     text70       0022C0
_I2C1_MasterClearStopFlag                     text69       0022BA
_I2C1_MasterClose                             text74       002220
_I2C1_MasterDisableIrq                        text73       0020E8
_I2C1_MasterDisableRestart                    text53       0022B4
_I2C1_MasterEnableRestart                     text52       0022AE
_I2C1_MasterFsm                               text22       001A54
_I2C1_MasterGetCounter                        text44       002290
_I2C1_MasterGetRxData                         text49       0022A8
_I2C1_MasterIsCountFlagSet                    text68       0021A2
_I2C1_MasterIsNack                            text43       00214A
_I2C1_MasterIsNackFlagSet                     text67       00218C
_I2C1_MasterIsRxBufFull                       text48       002160
_I2C1_MasterIsStopFlagSet                     text66       002176
_I2C1_MasterIsTxBufEmpty                      text42       002134
_I2C1_MasterOpen                              text17       001EA8
_I2C1_MasterOperation                         text19       001DD6
_I2C1_MasterResetBus                          text54       00225E
_I2C1_MasterSendAck                           text47       0022A2
_I2C1_MasterSendNack                          text46       00229C
_I2C1_MasterSendTxData                        text50       002254
_I2C1_MasterSetCounter                        text51       0021CC
_I2C1_MasterStop                              text45       002296
_I2C1_MasterWaitForEvent                      text21       001CDE
_I2C1_MasterWrite                             text18       002268
_I2C1_Open                                    text16       001858
_I2C1_Poller                                  text20       0020CC
_I2C1_Read1ByteRegister                       text14       0019E0
_I2C1_SetAddressNackCallback                  text15       002104
_I2C1_SetBuffer                               text64       002052
_I2C1_SetCallback                             text63       0018E6
_I2C1_SetDataCompleteCallback                 text62       00211C
_I2C1_Status                                  bssCOMRAM    000501
_I2C1_Write1ByteRegister                      text13       001B34
_INLVLA                                       (abs)        000404
_INLVLB                                       (abs)        00040C
_INLVLC                                       (abs)        000414
_INTCON0bits                                  (abs)        0004D6
_INTERRUPT_Initialize                         text10       001E6E
_IVTBASEH                                     (abs)        00045E
_IVTBASEL                                     (abs)        00045D
_IVTBASEU                                     (abs)        00045F
_IVTLOCK                                      (abs)        000459
_IVTLOCKbits                                  (abs)        000459
_LATA                                         (abs)        0004BE
_LATB                                         (abs)        0004BF
_LATC                                         (abs)        0004C0
_LATCbits                                     (abs)        0004C0
_ODCONA                                       (abs)        000402
_ODCONB                                       (abs)        00040A
_ODCONC                                       (abs)        000412
_OSCCON1                                      (abs)        0000AD
_OSCCON3                                      (abs)        0000AF
_OSCEN                                        (abs)        0000B3
_OSCFRQ                                       (abs)        0000B1
_OSCILLATOR_Initialize                        text9        0020B0
_OSCTUNE                                      (abs)        0000B0
_PIE2bits                                     (abs)        0004AA
_PIE7bits                                     (abs)        0004AF
_PIN_MANAGER_Initialize                       text8        001AC6
_PIR2bits                                     (abs)        0004B5
_PIR4bits                                     (abs)        0004B7
_PIR7bits                                     (abs)        0004BA
_PMD0                                         (abs)        000063
_PMD1                                         (abs)        000064
_PMD2                                         (abs)        000065
_PMD3                                         (abs)        000066
_PMD4                                         (abs)        000067
_PMD5                                         (abs)        000068
_PMD_Initialize                               text7        002094
_PORTCbits                                    (abs)        0004D0
_PRLOCK                                       (abs)        0000B4
_PRLOCKbits                                   (abs)        0000B4
_RA0PPS                                       (abs)        000201
_RB6I2C                                       (abs)        000286
_RB6PPS                                       (abs)        00020F
_RB7PPS                                       (abs)        000210
_SLRCONA                                      (abs)        000403
_SLRCONB                                      (abs)        00040B
_SLRCONC                                      (abs)        000413
_SYSTEM_Initialize                            text1        002030
_SystemArbiter_Initialize                     text6        0021DC
_TRISA                                        (abs)        0004C6
_TRISB                                        (abs)        0004C7
_TRISC                                        (abs)        0004C8
_U1BRGH                                       (abs)        0002AF
_U1BRGL                                       (abs)        0002AE
_U1CON0                                       (abs)        0002AB
_U1CON0bits                                   (abs)        0002AB
_U1CON1                                       (abs)        0002AC
_U1CON2                                       (abs)        0002AD
_U1ERRIE                                      (abs)        0002B3
_U1ERRIR                                      (abs)        0002B2
_U1ERRIRbits                                  (abs)        0002B2
_U1FIFO                                       (abs)        0002B0
_U1P1H                                        (abs)        0002A6
_U1P1L                                        (abs)        0002A5
_U1P2H                                        (abs)        0002A8
_U1P2L                                        (abs)        0002A7
_U1P3H                                        (abs)        0002AA
_U1P3L                                        (abs)        0002A9
_U1RXB                                        (abs)        0002A1
_U1RXPPS                                      (abs)        000272
_U1TXB                                        (abs)        0002A3
_U1UIR                                        (abs)        0002B1
_UART1_DefaultErrorHandler                    (abs)        000000
_UART1_DefaultFramingErrorHandler             (abs)        000000
_UART1_DefaultOverrunErrorHandler             (abs)        000000
_UART1_ErrorHandler                           nvCOMRAM     00054F
_UART1_FramingErrorHandler                    nvCOMRAM     000553
_UART1_Initialize                             text2        001C10
_UART1_OverrunErrorHandler                    nvCOMRAM     000551
_UART1_SetErrorHandler                        text5        002240
_UART1_SetFramingErrorHandler                 text4        002236
_UART1_SetOverrunErrorHandler                 text3        00222C
_WPUA                                         (abs)        000401
_WPUB                                         (abs)        000409
_WPUC                                         (abs)        000411
__HRAM                                        (abs)        000000
__Habs1                                       abs1         000000
__Hbank10                                     bank10       000000
__Hbank11                                     bank11       000000
__Hbank12                                     bank12       000000
__Hbank13                                     bank13       000000
__Hbank14                                     bank14       000000
__Hbank15                                     bank15       000000
__Hbank16                                     bank16       000000
__Hbank17                                     bank17       000000
__Hbank18                                     bank18       000000
__Hbank19                                     bank19       000000
__Hbank20                                     bank20       000000
__Hbank5                                      bank5        000000
__Hbank6                                      bank6        000000
__Hbank7                                      bank7        000000
__Hbank8                                      bank8        000000
__Hbank9                                      bank9        000000
__Hbigbss                                     bigbss       000000
__Hbigdata                                    bigdata      000000
__Hbigram                                     bigram       000000
__Hbigsfr                                     bigsfr       000000
__Hbss                                        bss          000000
__HbssCOMRAM                                  bssCOMRAM    000000
__Hcinit                                      cinit        000000
__Hclrtext                                    clrtext      000000
__Hcomram                                     comram       000000
__Hconfig                                     config       30000A
__Hconst                                      const        000000
__HcstackCOMRAM                               cstackCOMRAM 000000
__Hdata                                       data         000000
__Heeprom_data                                eeprom_data  000000
__Hfarbss                                     farbss       000000
__Hfardata                                    fardata      000000
__Hheap                                       heap         000000
__Hibigdata                                   ibigdata     000000
__Hidata                                      idata        000000
__Hidloc                                      idloc        200040
__Hifardata                                   ifardata     000000
__Hinit                                       init         0000BE
__Hintsave_regs                               intsave_regs 000000
__Hirdata                                     irdata       000000
__Hivt0x8                                     ivt0x8       0000BA
__Hmediumconst                                mediumconst  000000
__HnvCOMRAM                                   nvCOMRAM     000000
__HnvFARRAM                                   nvFARRAM     000000
__Hnvbit                                      nvbit        000000
__Hnvrram                                     nvrram       000000
__Hparam                                      rparam       000000
__Hpowerup                                    powerup      000000
__Hram                                        ram          000000
__Hramtop                                     ramtop       001500
__Hrbit                                       rbit         000000
__Hrbss                                       rbss         000000
__Hrdata                                      rdata        000000
__Hreset_vec                                  reset_vec    000004
__Hrparam                                     rparam       000000
__Hsfr                                        sfr          000000
__Hsmallconst                                 smallconst   001528
__Hspace_0                                    (abs)        0022DE
__Hspace_1                                    (abs)        000555
__Hspace_2                                    (abs)        000000
__Hspace_4                                    (abs)        60000A
__Hstack                                      stack        000000
__Hstruct                                     struct       000000
__Htemp                                       temp         000000
__Htext                                       text         000000
__Htext0                                      text0        000000
__Htext1                                      text1        000000
__Htext10                                     text10       000000
__Htext11                                     text11       000000
__Htext12                                     text12       000000
__Htext13                                     text13       000000
__Htext14                                     text14       000000
__Htext15                                     text15       000000
__Htext16                                     text16       000000
__Htext17                                     text17       000000
__Htext18                                     text18       000000
__Htext19                                     text19       000000
__Htext2                                      text2        000000
__Htext20                                     text20       000000
__Htext21                                     text21       000000
__Htext22                                     text22       000000
__Htext23                                     text23       000000
__Htext24                                     text24       000000
__Htext25                                     text25       000000
__Htext26                                     text26       000000
__Htext27                                     text27       000000
__Htext28                                     text28       000000
__Htext29                                     text29       000000
__Htext3                                      text3        000000
__Htext30                                     text30       000000
__Htext31                                     text31       000000
__Htext32                                     text32       000000
__Htext33                                     text33       000000
__Htext34                                     text34       000000
__Htext35                                     text35       000000
__Htext36                                     text36       000000
__Htext37                                     text37       000000
__Htext38                                     text38       000000
__Htext39                                     text39       000000
__Htext4                                      text4        000000
__Htext40                                     text40       000000
__Htext41                                     text41       000000
__Htext42                                     text42       000000
__Htext43                                     text43       000000
__Htext44                                     text44       000000
__Htext45                                     text45       000000
__Htext46                                     text46       000000
__Htext47                                     text47       000000
__Htext48                                     text48       000000
__Htext49                                     text49       000000
__Htext5                                      text5        000000
__Htext50                                     text50       000000
__Htext51                                     text51       000000
__Htext52                                     text52       000000
__Htext53                                     text53       000000
__Htext54                                     text54       000000
__Htext55                                     text55       000000
__Htext56                                     text56       000000
__Htext57                                     text57       000000
__Htext58                                     text58       000000
__Htext59                                     text59       000000
__Htext6                                      text6        000000
__Htext60                                     text60       000000
__Htext61                                     text61       000000
__Htext62                                     text62       000000
__Htext63                                     text63       000000
__Htext64                                     text64       000000
__Htext65                                     text65       000000
__Htext66                                     text66       000000
__Htext67                                     text67       000000
__Htext68                                     text68       000000
__Htext69                                     text69       000000
__Htext7                                      text7        000000
__Htext70                                     text70       000000
__Htext71                                     text71       000000
__Htext72                                     text72       000000
__Htext73                                     text73       000000
__Htext74                                     text74       000000
__Htext75                                     text75       000000
__Htext76                                     text76       000000
__Htext77                                     text77       000000
__Htext8                                      text8        000000
__Htext9                                      text9        000000
__LRAM                                        (abs)        000001
__Labs1                                       abs1         000000
__Lbank10                                     bank10       000000
__Lbank11                                     bank11       000000
__Lbank12                                     bank12       000000
__Lbank13                                     bank13       000000
__Lbank14                                     bank14       000000
__Lbank15                                     bank15       000000
__Lbank16                                     bank16       000000
__Lbank17                                     bank17       000000
__Lbank18                                     bank18       000000
__Lbank19                                     bank19       000000
__Lbank20                                     bank20       000000
__Lbank5                                      bank5        000000
__Lbank6                                      bank6        000000
__Lbank7                                      bank7        000000
__Lbank8                                      bank8        000000
__Lbank9                                      bank9        000000
__Lbigbss                                     bigbss       000000
__Lbigdata                                    bigdata      000000
__Lbigram                                     bigram       000000
__Lbigsfr                                     bigsfr       000000
__Lbss                                        bss          000000
__LbssCOMRAM                                  bssCOMRAM    000000
__Lcinit                                      cinit        000000
__Lclrtext                                    clrtext      000000
__Lcomram                                     comram       000000
__Lconfig                                     config       000000
__Lconst                                      const        000000
__LcstackCOMRAM                               cstackCOMRAM 000000
__Ldata                                       data         000000
__Leeprom_data                                eeprom_data  000000
__Lfarbss                                     farbss       000000
__Lfardata                                    fardata      000000
__Lheap                                       heap         000000
__Libigdata                                   ibigdata     000000
__Lidata                                      idata        000000
__Lidloc                                      idloc        000000
__Lifardata                                   ifardata     000000
__Linit                                       init         0000BA
__Lintsave_regs                               intsave_regs 000000
__Lirdata                                     irdata       000000
__Livt0x8                                     ivt0x8       000008
__Lmediumconst                                mediumconst  000000
__LnvCOMRAM                                   nvCOMRAM     000000
__LnvFARRAM                                   nvFARRAM     000000
__Lnvbit                                      nvbit        000000
__Lnvrram                                     nvrram       000000
__Lparam                                      rparam       000000
__Lpowerup                                    powerup      000000
__Lram                                        ram          000000
__Lramtop                                     ramtop       001500
__Lrbit                                       rbit         000000
__Lrbss                                       rbss         000000
__Lrdata                                      rdata        000000
__Lreset_vec                                  reset_vec    000000
__Lrparam                                     rparam       000000
__Lsfr                                        sfr          000000
__Lsmallconst                                 smallconst   001500
__Lspace_0                                    (abs)        000000
__Lspace_1                                    (abs)        000000
__Lspace_2                                    (abs)        000000
__Lspace_4                                    (abs)        000000
__Lstack                                      stack        000000
__Lstruct                                     struct       000000
__Ltemp                                       temp         000000
__Ltext                                       text         000000
__Ltext0                                      text0        000000
__Ltext1                                      text1        000000
__Ltext10                                     text10       000000
__Ltext11                                     text11       000000
__Ltext12                                     text12       000000
__Ltext13                                     text13       000000
__Ltext14                                     text14       000000
__Ltext15                                     text15       000000
__Ltext16                                     text16       000000
__Ltext17                                     text17       000000
__Ltext18                                     text18       000000
__Ltext19                                     text19       000000
__Ltext2                                      text2        000000
__Ltext20                                     text20       000000
__Ltext21                                     text21       000000
__Ltext22                                     text22       000000
__Ltext23                                     text23       000000
__Ltext24                                     text24       000000
__Ltext25                                     text25       000000
__Ltext26                                     text26       000000
__Ltext27                                     text27       000000
__Ltext28                                     text28       000000
__Ltext29                                     text29       000000
__Ltext3                                      text3        000000
__Ltext30                                     text30       000000
__Ltext31                                     text31       000000
__Ltext32                                     text32       000000
__Ltext33                                     text33       000000
__Ltext34                                     text34       000000
__Ltext35                                     text35       000000
__Ltext36                                     text36       000000
__Ltext37                                     text37       000000
__Ltext38                                     text38       000000
__Ltext39                                     text39       000000
__Ltext4                                      text4        000000
__Ltext40                                     text40       000000
__Ltext41                                     text41       000000
__Ltext42                                     text42       000000
__Ltext43                                     text43       000000
__Ltext44                                     text44       000000
__Ltext45                                     text45       000000
__Ltext46                                     text46       000000
__Ltext47                                     text47       000000
__Ltext48                                     text48       000000
__Ltext49                                     text49       000000
__Ltext5                                      text5        000000
__Ltext50                                     text50       000000
__Ltext51                                     text51       000000
__Ltext52                                     text52       000000
__Ltext53                                     text53       000000
__Ltext54                                     text54       000000
__Ltext55                                     text55       000000
__Ltext56                                     text56       000000
__Ltext57                                     text57       000000
__Ltext58                                     text58       000000
__Ltext59                                     text59       000000
__Ltext6                                      text6        000000
__Ltext60                                     text60       000000
__Ltext61                                     text61       000000
__Ltext62                                     text62       000000
__Ltext63                                     text63       000000
__Ltext64                                     text64       000000
__Ltext65                                     text65       000000
__Ltext66                                     text66       000000
__Ltext67                                     text67       000000
__Ltext68                                     text68       000000
__Ltext69                                     text69       000000
__Ltext7                                      text7        000000
__Ltext70                                     text70       000000
__Ltext71                                     text71       000000
__Ltext72                                     text72       000000
__Ltext73                                     text73       000000
__Ltext74                                     text74       000000
__Ltext75                                     text75       000000
__Ltext76                                     text76       000000
__Ltext77                                     text77       000000
__Ltext8                                      text8        000000
__Ltext9                                      text9        000000
__S0                                          (abs)        0022DE
__S1                                          (abs)        000555
__S4                                          (abs)        000000
__S5                                          (abs)        000000
___heap_hi                                    (abs)        000000
___heap_lo                                    (abs)        000000
___inthi_sp                                   stack        000000
___intlo_sp                                   stack        000000
___param_bank                                 (abs)        000000
___rparam_used                                (abs)        000001
___sp                                         stack        000000
__accesstop                                   (abs)        000560
__activetblptr                                (abs)        000003
__end_of_DMA1_Initialize                      text12       001DD6
__end_of_Default_ISR                          text76       0022DE
__end_of_I2C1_CallbackReturnReset             text55       0022D8
__end_of_I2C1_CallbackReturnStop              text56       0022DC
__end_of_I2C1_ClearInterruptFlags             text65       001D8A
__end_of_I2C1_Close                           text72       002008
__end_of_I2C1_DO_ADDRESS_NACK                 text25       001CDE
__end_of_I2C1_DO_BUS_COLLISION                text24       001C10
__end_of_I2C1_DO_BUS_ERROR                    text23       0021F8
__end_of_I2C1_DO_IDLE                         text40       002254
__end_of_I2C1_DO_RESET                        text26       002206
__end_of_I2C1_DO_RX                           text36       001858
__end_of_I2C1_DO_RX_ACK                       text29       002280
__end_of_I2C1_DO_RX_EMPTY                     text34       0017C0
__end_of_I2C1_DO_RX_NACK_RESTART              text27       002278
__end_of_I2C1_DO_RX_NACK_STOP                 text28       002214
__end_of_I2C1_DO_SEND_ADR_READ                text39       001FDE
__end_of_I2C1_DO_SEND_ADR_WRITE               text38       0021CC
__end_of_I2C1_DO_SEND_RESTART                 text31       0022D0
__end_of_I2C1_DO_SEND_RESTART_READ            text33       002220
__end_of_I2C1_DO_SEND_RESTART_WRITE           text32       0022D4
__end_of_I2C1_DO_SEND_STOP                    text30       002030
__end_of_I2C1_DO_TX                           text37       001646
__end_of_I2C1_DO_TX_ACK                       text41       002288
__end_of_I2C1_DO_TX_EMPTY                     text35       0019E0
__end_of_I2C1_Initialize                      text11       001F04
__end_of_I2C1_MasterClearCountFlag            text71       0022CC
__end_of_I2C1_MasterClearIrq                  text75       002290
__end_of_I2C1_MasterClearNackFlag             text70       0022C6
__end_of_I2C1_MasterClearStopFlag             text69       0022C0
__end_of_I2C1_MasterClose                     text74       00222C
__end_of_I2C1_MasterDisableIrq                text73       002104
__end_of_I2C1_MasterDisableRestart            text53       0022BA
__end_of_I2C1_MasterEnableRestart             text52       0022B4
__end_of_I2C1_MasterFsm                       text22       001AC6
__end_of_I2C1_MasterGetCounter                text44       002296
__end_of_I2C1_MasterGetRxData                 text49       0022AE
__end_of_I2C1_MasterIsCountFlagSet            text68       0021B8
__end_of_I2C1_MasterIsNack                    text43       002160
__end_of_I2C1_MasterIsNackFlagSet             text67       0021A2
__end_of_I2C1_MasterIsRxBufFull               text48       002176
__end_of_I2C1_MasterIsStopFlagSet             text66       00218C
__end_of_I2C1_MasterIsTxBufEmpty              text42       00214A
__end_of_I2C1_MasterOpen                      text17       001ED8
__end_of_I2C1_MasterOperation                 text19       001E22
__end_of_I2C1_MasterResetBus                  text54       002268
__end_of_I2C1_MasterSendAck                   text47       0022A8
__end_of_I2C1_MasterSendNack                  text46       0022A2
__end_of_I2C1_MasterSendTxData                text50       00225E
__end_of_I2C1_MasterSetCounter                text51       0021DC
__end_of_I2C1_MasterStop                      text45       00229C
__end_of_I2C1_MasterWaitForEvent              text21       001D38
__end_of_I2C1_MasterWrite                     text18       002270
__end_of_I2C1_Open                            text16       0018E6
__end_of_I2C1_Poller                          text20       0020E8
__end_of_I2C1_Read1ByteRegister               text14       001A54
__end_of_I2C1_SetAddressNackCallback          text15       00211C
__end_of_I2C1_SetBuffer                       text64       002074
__end_of_I2C1_SetCallback                     text63       001968
__end_of_I2C1_SetDataCompleteCallback         text62       002134
__end_of_I2C1_Write1ByteRegister              text13       001BA2
__end_of_INTERRUPT_Initialize                 text10       001EA8
__end_of_OSCILLATOR_Initialize                text9        0020CC
__end_of_PIN_MANAGER_Initialize               text8        001B34
__end_of_PMD_Initialize                       text7        0020B0
__end_of_SYSTEM_Initialize                    text1        002052
__end_of_SystemArbiter_Initialize             text6        0021EA
__end_of_UART1_Initialize                     text2        001C78
__end_of_UART1_SetErrorHandler                text5        00224A
__end_of_UART1_SetFramingErrorHandler         text4        002240
__end_of_UART1_SetOverrunErrorHandler         text3        002236
__end_of__initialization                      cinit        00208E
__end_of_i2c1_fsmStateTable                   smallconst   001527
__end_of_main                                 text0        001724
__end_of_rd1RegCompleteHandler                text60       001F88
__end_of_rd2RegCompleteHandler                text59       001F5C
__end_of_rdBlkRegCompleteHandler              text57       001E6E
__end_of_wr1RegCompleteHandler                text58       001F30
__end_of_wr2RegCompleteHandler                text61       001FB4
__initialization                              cinit        002074
__mediumconst                                 mediumconst  000000
__pbssCOMRAM                                  bssCOMRAM    000501
__pcinit                                      cinit        002074
__pcstackCOMRAM                               cstackCOMRAM 000533
__pivt0x8                                     ivt0x8       000008
__pnvCOMRAM                                   nvCOMRAM     00054F
__psmallconst                                 smallconst   001500
__ptext0                                      text0        001646
__ptext1                                      text1        002030
__ptext10                                     text10       001E6E
__ptext11                                     text11       001ED8
__ptext12                                     text12       001D8A
__ptext13                                     text13       001B34
__ptext14                                     text14       0019E0
__ptext15                                     text15       002104
__ptext16                                     text16       001858
__ptext17                                     text17       001EA8
__ptext18                                     text18       002268
__ptext19                                     text19       001DD6
__ptext2                                      text2        001C10
__ptext20                                     text20       0020CC
__ptext21                                     text21       001CDE
__ptext22                                     text22       001A54
__ptext23                                     text23       0021EA
__ptext24                                     text24       001BA2
__ptext25                                     text25       001C78
__ptext26                                     text26       0021F8
__ptext27                                     text27       002270
__ptext28                                     text28       002206
__ptext29                                     text29       002278
__ptext3                                      text3        00222C
__ptext30                                     text30       002008
__ptext31                                     text31       0022CC
__ptext32                                     text32       0022D0
__ptext33                                     text33       002214
__ptext34                                     text34       001724
__ptext35                                     text35       001968
__ptext36                                     text36       0017C0
__ptext37                                     text37       001528
__ptext38                                     text38       0021B8
__ptext39                                     text39       001FB4
__ptext4                                      text4        002236
__ptext40                                     text40       00224A
__ptext41                                     text41       002280
__ptext42                                     text42       002134
__ptext43                                     text43       00214A
__ptext44                                     text44       002290
__ptext45                                     text45       002296
__ptext46                                     text46       00229C
__ptext47                                     text47       0022A2
__ptext48                                     text48       002160
__ptext49                                     text49       0022A8
__ptext5                                      text5        002240
__ptext50                                     text50       002254
__ptext51                                     text51       0021CC
__ptext52                                     text52       0022AE
__ptext53                                     text53       0022B4
__ptext54                                     text54       00225E
__ptext55                                     text55       0022D4
__ptext56                                     text56       0022D8
__ptext57                                     text57       001E22
__ptext58                                     text58       001F04
__ptext59                                     text59       001F30
__ptext6                                      text6        0021DC
__ptext60                                     text60       001F5C
__ptext61                                     text61       001F88
__ptext62                                     text62       00211C
__ptext63                                     text63       0018E6
__ptext64                                     text64       002052
__ptext65                                     text65       001D38
__ptext66                                     text66       002176
__ptext67                                     text67       00218C
__ptext68                                     text68       0021A2
__ptext69                                     text69       0022BA
__ptext7                                      text7        002094
__ptext70                                     text70       0022C0
__ptext71                                     text71       0022C6
__ptext72                                     text72       001FDE
__ptext73                                     text73       0020E8
__ptext74                                     text74       002220
__ptext75                                     text75       002288
__ptext76                                     text76       0022DC
__ptext77                                     text77       000000
__ptext8                                      text8        001AC6
__ptext9                                      text9        0020B0
__ramtop                                      ramtop       001500
__smallconst                                  smallconst   001500
_i2c1_fsmStateTable                           smallconst   001501
_main                                         text0        001646
_rd1RegCompleteHandler                        text60       001F5C
_rd2RegCompleteHandler                        text59       001F30
_rdBlkRegCompleteHandler                      text57       001E22
_uart1RxLastError                             bssCOMRAM    000525
_uart_dma_data                                bssCOMRAM    000526
_wr1RegCompleteHandler                        text58       001F04
_wr2RegCompleteHandler                        text61       001F88
end_of_initialization                         cinit        00208E
intlevel0                                     text         000000
intlevel1                                     text         000000
intlevel2                                     text         000000
intlevel3                                     text         000000
isa$std                                       (abs)        000001
isa$xinst                                     (abs)        000000
ivt0x8_base                                   ivt0x8       000008
ivt0x8_undefint                               ivt0x8       0000B8
main@i                                        cstackCOMRAM 00054E
main@who_am_i                                 cstackCOMRAM 00054D
rd1RegCompleteHandler@ptr                     cstackCOMRAM 00053C
rd2RegCompleteHandler@ptr                     cstackCOMRAM 00053C
rdBlkRegCompleteHandler@ptr                   cstackCOMRAM 00053C
stackhi                                       (abs)        000000
stacklo                                       (abs)        000000
start                                         init         0000BA
start_initialization                          cinit        002074
wr1RegCompleteHandler@ptr                     cstackCOMRAM 00053C
wr2RegCompleteHandler@ptr                     cstackCOMRAM 00053C


MODULE INFORMATION

Module		Function		Class		Link	Load	Size
mcc_generated_files/examples/i2c1_master_example.c
		_wr1RegCompleteHandler		CODE           	1F04	0000	44
		_wr2RegCompleteHandler		CODE           	1F88	0000	44
		_I2C1_Write1ByteRegister		CODE           	1B34	0000	110
		_rdBlkRegCompleteHandler		CODE           	1E22	0000	76
		_rd1RegCompleteHandler		CODE           	1F5C	0000	44
		_rd2RegCompleteHandler		CODE           	1F30	0000	44
		_I2C1_Read1ByteRegister		CODE           	19E0	0000	116

mcc_generated_files/examples/i2c1_master_example.c estimated size: 478

mcc_generated_files/i2c1_master.c
		_I2C1_DO_SEND_RESTART		CODE           	22CC	0000	4
		_I2C1_MasterIsNackFlagSet		CODE           	218C	0000	22
		_I2C1_DO_RX_EMPTY		CODE           	1724	0000	156
		_I2C1_DO_TX_EMPTY		CODE           	1968	0000	120
		_I2C1_DO_SEND_RESTART_READ		CODE           	2214	0000	12
		_I2C1_MasterClearNackFlag		CODE           	22C0	0000	6
		_I2C1_CallbackReturnStop		CODE           	22D8	0000	4
		_I2C1_DO_RX    		CODE           	17C0	0000	152
		_I2C1_DO_TX    		CODE           	1528	0000	286
		_I2C1_SetAddressNackCallback		CODE           	2104	0000	24
		_I2C1_DO_IDLE  		CODE           	224A	0000	10
		_I2C1_MasterOpen		CODE           	1EA8	0000	48
		_I2C1_MasterSendTxData		CODE           	2254	0000	10
		_I2C1_MasterStop		CODE           	2296	0000	6
		_I2C1_MasterIsStopFlagSet		CODE           	2176	0000	22
		_I2C1_CallbackReturnReset		CODE           	22D4	0000	4
		_I2C1_DO_RESET 		CODE           	21F8	0000	14
		_I2C1_Poller   		CODE           	20CC	0000	28
		_I2C1_DO_RX_ACK		CODE           	2278	0000	8
		_I2C1_DO_TX_ACK		CODE           	2280	0000	8
		_I2C1_MasterWaitForEvent		CODE           	1CDE	0000	90
		_I2C1_MasterSendNack		CODE           	229C	0000	6
		_I2C1_DO_RX_NACK_RESTART		CODE           	2270	0000	8
		_I2C1_MasterDisableIrq		CODE           	20E8	0000	28
		_I2C1_ClearInterruptFlags		CODE           	1D38	0000	82
		_I2C1_MasterOperation		CODE           	1DD6	0000	76
		_I2C1_MasterClearStopFlag		CODE           	22BA	0000	6
		_I2C1_SetCallback		CODE           	18E6	0000	130
		_I2C1_MasterEnableRestart		CODE           	22AE	0000	6
		_I2C1_MasterGetCounter		CODE           	2290	0000	6
		_I2C1_MasterSetCounter		CODE           	21CC	0000	16
		_I2C1_Open     		CODE           	1858	0000	142
		_I2C1_DO_ADDRESS_NACK		CODE           	1C78	0000	102
		_I2C1_MasterDisableRestart		CODE           	22B4	0000	6
		_I2C1_MasterClearCountFlag		CODE           	22C6	0000	6
		_I2C1_SetBuffer		CODE           	2052	0000	34
		_I2C1_DO_SEND_RESTART_WRITE		CODE           	22D0	0000	4
		_I2C1_MasterIsTxBufEmpty		CODE           	2134	0000	22
		_I2C1_MasterClose		CODE           	2220	0000	12
		_I2C1_MasterWrite		CODE           	2268	0000	8
		_I2C1_Initialize		CODE           	1ED8	0000	44
		_I2C1_Close    		CODE           	1FDE	0000	42
		_I2C1_MasterIsRxBufFull		CODE           	2160	0000	22
		_I2C1_MasterIsNack		CODE           	214A	0000	22
		_I2C1_DO_SEND_ADR_WRITE		CODE           	21B8	0000	20
		_I2C1_MasterClearIrq		CODE           	2288	0000	8
		_I2C1_SetDataCompleteCallback		CODE           	211C	0000	24
		_I2C1_DO_SEND_STOP		CODE           	2008	0000	40
		_I2C1_DO_BUS_COLLISION		CODE           	1BA2	0000	110
		_I2C1_DO_BUS_ERROR		CODE           	21EA	0000	14
		_I2C1_MasterSendAck		CODE           	22A2	0000	6
		_I2C1_MasterFsm		CODE           	1A54	0000	114
		_I2C1_MasterGetRxData		CODE           	22A8	0000	6
		_I2C1_MasterResetBus		CODE           	225E	0000	10
		_I2C1_MasterIsCountFlagSet		CODE           	21A2	0000	22
		_I2C1_DO_SEND_ADR_READ		CODE           	1FB4	0000	42
		_I2C1_DO_RX_NACK_STOP		CODE           	2206	0000	14

mcc_generated_files/i2c1_master.c estimated size: 2294

mcc_generated_files/interrupt_manager.c
		_INTERRUPT_Initialize		CODE           	1E6E	0000	58
		_Default_ISR   		CODE           	22DC	0000	2

mcc_generated_files/interrupt_manager.c estimated size: 60

mcc_generated_files/pin_manager.c
		_PIN_MANAGER_Initialize		CODE           	1AC6	0000	110

mcc_generated_files/pin_manager.c estimated size: 110

mcc_generated_files/dma1.c
		_DMA1_Initialize		CODE           	1D8A	0000	76

mcc_generated_files/dma1.c estimated size: 76

mcc_generated_files/uart1.c
		_UART1_SetFramingErrorHandler		CODE           	2236	0000	10
		_UART1_SetOverrunErrorHandler		CODE           	222C	0000	10
		_UART1_Initialize		CODE           	1C10	0000	104
		_UART1_SetErrorHandler		CODE           	2240	0000	10

mcc_generated_files/uart1.c estimated size: 134

shared
		__initialization		CODE           	2074	0000	26
		_i2c1_fsmStateTable		SMALLCONST     	1501	0000	38

shared estimated size: 64

mcc_generated_files/mcc.c
		_SystemArbiter_Initialize		CODE           	21DC	0000	14
		_PMD_Initialize		CODE           	2094	0000	28
		_OSCILLATOR_Initialize		CODE           	20B0	0000	28
		_SYSTEM_Initialize		CODE           	2030	0000	34

mcc_generated_files/mcc.c estimated size: 104

main.c
		_main          		CODE           	1646	0000	222

main.c estimated size: 222

