Microchip MPLAB XC8 Compiler V2.36

Linker command line:

-W-3 --edf=C:\Program Files\Microchip\xc8\v2.36\pic\dat\en_msgs.txt \
  -pivt0x8=08h -cn \
  -h+dist/default/production\mainboard_master.X.production.sym \
  --cmf=dist/default/production\mainboard_master.X.production.cmf -z \
  -Q18F16Q40 -oC:\Users\juddf\AppData\Local\Temp\xcAs7o8.4 \
  --defsym=__MPLAB_BUILD=1 \
  -Mdist/default/production/mainboard_master.X.production.map \
  --md=C:\Users\juddf\AppData\Local\Temp\xcAs7o8.dat -E1 -ver=XC8 Compiler \
  --acfsm=1493 -ACODE=00h-0FFFFh -ACONST=00h-0FFFFh \
  -ASMALLCONST=01500h-015FFhx235 -AMEDIUMCONST=01500h-0FFFFh \
  -ACOMRAM=0501h-055Fh -AABS1=0500h-014FFh -ABIGRAM=0501h-014FFh \
  -ARAM=0560h-05FFh,0600h-06FFhx15 -ABANK5=0560h-05FFh -ABANK6=0600h-06FFh \
  -ABANK7=0700h-07FFh -ABANK8=0800h-08FFh -ABANK9=0900h-09FFh \
  -ABANK10=0A00h-0AFFh -ABANK11=0B00h-0BFFh -ABANK12=0C00h-0CFFh \
  -ABANK13=0D00h-0DFFh -ABANK14=0E00h-0EFFh -ABANK15=0F00h-0FFFh \
  -ABANK16=01000h-010FFh -ABANK17=01100h-011FFh -ABANK18=01200h-012FFh \
  -ABANK19=01300h-013FFh -ABANK20=01400h-014FFh \
  -ASFR=00h-0FFhx4,0400h-045Fh,0460h-04FFh,01500h-015FFh \
  -ABIGSFR=00h-04FFh,01500h-015FFh -ACONFIG=0300000h-0300011h \
  -AIDLOC=0200000h-020003Fh -AEEDATA=0380000h-03801FFh -peeprom_data=EEDATA \
  -preset_vec=00h -ppowerup=CODE,init -pramtop=01500h \
  -psmallconst=SMALLCONST -pmediumconst=MEDIUMCONST -pconst=CONST \
  -AFARRAM=00h-00h \
  -prdata=COMRAM,nvrram=COMRAM,nvbit=COMRAM,rbss=COMRAM,rbit=COMRAM \
  -pfarbss=FARRAM,fardata=FARRAM,nvFARRAM=FARRAM \
  -pintsave_regs=BIGRAM,bigbss=BIGRAM,bigdata=BIGRAM -pbss=RAM \
  -pidata=CODE,irdata=CODE,ibigdata=CODE,ifardata=CODE -prparam=COMRAM \
  C:\Users\juddf\AppData\Local\Temp\xcAs7o8.o \
  dist/default/production\mainboard_master.X.production.o 

Object code version is 3.11

Machine type is 18F16Q40



                Name                               Link     Load   Length Selector   Space Scale
C:\Users\juddf\AppData\Local\Temp\xcAs7o8.o
                idloc                            200000   200000       40        0       5
                config                           300000   300000        A        0       4
                init                                 BA       BA        4        4       0
                reset_vec                             0        0        4        0       0
dist/default/production\mainboard_master.X.production.o
                idloc                            200000   200000       40        0       5
                config                           300000   300000        A        0       4
                smallconst                         1500     1500       28      A80       0
                ivt0x8                                8        8       B2        4       0
                text82                             2568     2568        2      95A       0
                text81                             2512     2512        8      A94       0
                text80                             248C     248C        C      A94       0
                text79                             2340     2340       1C      A94       0
                text78                             2278     2278       2A      A94       0
                text77                             2550     2550        6      A94       0
                text76                             254A     254A        6      A94       0
                text75                             2544     2544        6      A94       0
                text74                             23FA     23FA       16      A94       0
                text73                             23E4     23E4       16      A94       0
                text72                             23CE     23CE       16      A94       0
                text71                             1F30     1F30       52      A94       0
                text70                             22CA     22CA       22      A94       0
                text69                             1A7E     1A7E       82      A94       0
                text68                             2374     2374       18      A94       0
                text67                             2222     2222       2C      A94       0
                text66                             21F6     21F6       2C      A94       0
                text65                             21CA     21CA       2C      A94       0
                text64                             219E     219E       2C      A94       0
                text63                             2066     2066       4C      A94       0
                text62                             2562     2562        4      A94       0
                text61                             255E     255E        4      A94       0
                text60                             24E8     24E8        A      A94       0
                text59                             253E     253E        6      A94       0
                text58                             2538     2538        6      A94       0
                text57                             2438     2438       10      A94       0
                text56                             24DE     24DE        A      A94       0
                text55                             2532     2532        6      A94       0
                text54                             23B8     23B8       16      A94       0
                text53                             252C     252C        6      A94       0
                text52                             2526     2526        6      A94       0
                text51                             2520     2520        6      A94       0
                text50                             251A     251A        6      A94       0
                text49                             23A2     23A2       16      A94       0
                text48                             238C     238C       16      A94       0
                text47                             250A     250A        8      A94       0
                text46                             24D4     24D4        A      A94       0
                text45                             224E     224E       2A      A94       0
                text44                             2424     2424       14      A94       0
                text43                             179E     179E      11E      A94       0
                text42                             1958     1958       98      A94       0
                text41                             1B00     1B00       78      A94       0
                text40                             18BC     18BC       9C      A94       0
                text39                             2480     2480        C      A94       0
                text38                             255A     255A        4      A94       0
                text37                             2556     2556        4      A94       0
                text36                             22A2     22A2       28      A94       0
                text35                             2502     2502        8      A94       0
                text34                             2472     2472        E      A94       0
                text33                             24FA     24FA        8      A94       0
                text32                             2464     2464        E      A94       0
                text31                             1E14     1E14       66      A94       0
                text30                             1D3E     1D3E       6E      A94       0
                text29                             2456     2456        E      A94       0
                text28                             1C5E     1C5E       72      A94       0
                text27                             1ED6     1ED6       5A      A94       0
                text26                             2324     2324       1C      A94       0
                text25                             201A     201A       4C      A94       0
                text24                             24F2     24F2        8      A94       0
                text23                             2172     2172       2C      A94       0
                text22                             19F0     19F0       8E      A94       0
                text21                             235C     235C       18      A94       0
                text20                             1B78     1B78       74      A94       0
                text19                             1CD0     1CD0       6E      A94       0
                text18                             2410     2410       14      A94       0
                text17                             1FCE     1FCE       4C      A94       0
                text16                             1F82     1F82       4C      A94       0
                text15                             2146     2146       2C      A94       0
                text14                             20B2     20B2       3A      A94       0
                text13                             2308     2308       1C      A94       0
                text12                             1BEC     1BEC       72      A94       0
                text11                             22EC     22EC       1C      A94       0
                text10                             2448     2448        E      A94       0
                text9                              24CA     24CA        A      A94       0
                text8                              24C0     24C0        A      A94       0
                text7                              24B6     24B6        A      A94       0
                text6                              1DAC     1DAC       68      A94       0
                text5                              24AC     24AC        A      A94       0
                text4                              24A2     24A2        A      A94       0
                text3                              2498     2498        A      A94       0
                text2                              1E7A     1E7A       5C      A94       0
                text1                              20EC     20EC       2E      A94       0
                text0                              1528     1528      276      A94       0
                cstackCOMRAM                        527      527       25      501       1
                bssBANK5                            560      560       2D      560       1
                bssCOMRAM                           501      501       26      501       1
                cinit                              211A     211A       2C      A94       0
                nvCOMRAM                            54C      54C        C      501       1

TOTAL           Name                               Link     Load   Length     Space
        CLASS   CODE           
                init                                 BA       BA        4         0
                reset_vec                             0        0        4         0
                ivt0x8                                8        8       B2         0
                text82                             2568     2568        2         0
                text81                             2512     2512        8         0
                text80                             248C     248C        C         0
                text79                             2340     2340       1C         0
                text78                             2278     2278       2A         0
                text77                             2550     2550        6         0
                text76                             254A     254A        6         0
                text75                             2544     2544        6         0
                text74                             23FA     23FA       16         0
                text73                             23E4     23E4       16         0
                text72                             23CE     23CE       16         0
                text71                             1F30     1F30       52         0
                text70                             22CA     22CA       22         0
                text69                             1A7E     1A7E       82         0
                text68                             2374     2374       18         0
                text67                             2222     2222       2C         0
                text66                             21F6     21F6       2C         0
                text65                             21CA     21CA       2C         0
                text64                             219E     219E       2C         0
                text63                             2066     2066       4C         0
                text62                             2562     2562        4         0
                text61                             255E     255E        4         0
                text60                             24E8     24E8        A         0
                text59                             253E     253E        6         0
                text58                             2538     2538        6         0
                text57                             2438     2438       10         0
                text56                             24DE     24DE        A         0
                text55                             2532     2532        6         0
                text54                             23B8     23B8       16         0
                text53                             252C     252C        6         0
                text52                             2526     2526        6         0
                text51                             2520     2520        6         0
                text50                             251A     251A        6         0
                text49                             23A2     23A2       16         0
                text48                             238C     238C       16         0
                text47                             250A     250A        8         0
                text46                             24D4     24D4        A         0
                text45                             224E     224E       2A         0
                text44                             2424     2424       14         0
                text43                             179E     179E      11E         0
                text42                             1958     1958       98         0
                text41                             1B00     1B00       78         0
                text40                             18BC     18BC       9C         0
                text39                             2480     2480        C         0
                text38                             255A     255A        4         0
                text37                             2556     2556        4         0
                text36                             22A2     22A2       28         0
                text35                             2502     2502        8         0
                text34                             2472     2472        E         0
                text33                             24FA     24FA        8         0
                text32                             2464     2464        E         0
                text31                             1E14     1E14       66         0
                text30                             1D3E     1D3E       6E         0
                text29                             2456     2456        E         0
                text28                             1C5E     1C5E       72         0
                text27                             1ED6     1ED6       5A         0
                text26                             2324     2324       1C         0
                text25                             201A     201A       4C         0
                text24                             24F2     24F2        8         0
                text23                             2172     2172       2C         0
                text22                             19F0     19F0       8E         0
                text21                             235C     235C       18         0
                text20                             1B78     1B78       74         0
                text19                             1CD0     1CD0       6E         0
                text18                             2410     2410       14         0
                text17                             1FCE     1FCE       4C         0
                text16                             1F82     1F82       4C         0
                text15                             2146     2146       2C         0
                text14                             20B2     20B2       3A         0
                text13                             2308     2308       1C         0
                text12                             1BEC     1BEC       72         0
                text11                             22EC     22EC       1C         0
                text10                             2448     2448        E         0
                text9                              24CA     24CA        A         0
                text8                              24C0     24C0        A         0
                text7                              24B6     24B6        A         0
                text6                              1DAC     1DAC       68         0
                text5                              24AC     24AC        A         0
                text4                              24A2     24A2        A         0
                text3                              2498     2498        A         0
                text2                              1E7A     1E7A       5C         0
                text1                              20EC     20EC       2E         0
                text0                              1528     1528      276         0
                cinit                              211A     211A       2C         0

        CLASS   CONST          

        CLASS   SMALLCONST     
                smallconst                         1500     1500       28         0

        CLASS   MEDIUMCONST    

        CLASS   COMRAM         
                cstackCOMRAM                        527      527       25         1
                bssCOMRAM                           501      501       26         1
                nvCOMRAM                            54C      54C        C         1

        CLASS   ABS1           

        CLASS   BIGRAM         

        CLASS   RAM            

        CLASS   BANK5          
                bssBANK5                            560      560       2D         1

        CLASS   BANK6          

        CLASS   BANK7          

        CLASS   BANK8          

        CLASS   BANK9          

        CLASS   BANK10         

        CLASS   BANK11         

        CLASS   BANK12         

        CLASS   BANK13         

        CLASS   BANK14         

        CLASS   BANK15         

        CLASS   BANK16         

        CLASS   BANK17         

        CLASS   BANK18         

        CLASS   BANK19         

        CLASS   BANK20         

        CLASS   SFR            

        CLASS   BIGSFR         

        CLASS   CONFIG         
                config                           300000   300000        A         4

        CLASS   IDLOC          
                idloc                            200000   200000       40         5

        CLASS   EEDATA         

        CLASS   FARRAM         

        CLASS   HEAP           

        CLASS   STACK          



SEGMENTS        Name                           Load    Length   Top    Selector   Space  Class

                reset_vec                      000000  000004  000004         0       0  CODE    
                ivt0x8                         000008  0000B6  0000BE         4       0  CODE    
                bssCOMRAM                      000501  000057  000558       501       1  COMRAM  
                bssBANK5                       000560  00002D  00058D       560       1  BANK5   
                smallconst                     001500  000028  001528       A80       0  SMALLCON
                text0                          001528  00103E  002566       A94       0  CODE    
                text82                         002568  000002  00256A       95A       0  CODE    


UNUSED ADDRESS RANGES

        Name                Unused          Largest block    Delta
        BANK10           000A00-000AFF              100
        BANK11           000B00-000BFF              100
        BANK12           000C00-000CFF              100
        BANK13           000D00-000DFF              100
        BANK14           000E00-000EFF              100
        BANK15           000F00-000FFF              100
        BANK16           001000-0010FF              100
        BANK17           001100-0011FF              100
        BANK18           001200-0012FF              100
        BANK19           001300-0013FF              100
        BANK20           001400-0014FF              100
        BANK5            00058D-0005FF               73
        BANK6            000600-0006FF              100
        BANK7            000700-0007FF              100
        BANK8            000800-0008FF              100
        BANK9            000900-0009FF              100
        BIGRAM           000558-00055F                8
                         00058D-0014FF              F73
        BIGSFR           000000-0004FF              500
                         001500-0015FF              100
        CODE             000004-000007                4
                         0000BE-0014FF             1442
                         002566-002567                2
                         00256A-00FFFF             DA96
        COMRAM           000558-00055F                8
        CONFIG           30000A-300011                8
        CONST            000004-000007                4
                         0000BE-0014FF             1442
                         002566-002567                2
                         00256A-00FFFF             DA96
        EEDATA           380000-3801FF              200
        MEDIUMCONST      002566-002567                2
                         00256A-00FFFF             DA96
        RAM              00058D-0014FF              100
        SFR              000000-0004FF              100
                         001500-0015FF              100
        SMALLCONST       002566-002567                2
                         00256A-00FFFF              100

                                  Symbol Table

I2C1_CallbackReturnReset@funPtr               cstackCOMRAM 000530
I2C1_Close@returnValue                        cstackCOMRAM 000527
I2C1_DO_RX@retFsmState                        cstackCOMRAM 000536
I2C1_DO_TX@dataTx                             cstackCOMRAM 000536
I2C1_DO_TX@retFsmState                        cstackCOMRAM 000537
I2C1_MasterOperation@read                     cstackCOMRAM 00053A
I2C1_MasterOperation@returnValue              cstackCOMRAM 00053B
I2C1_MasterSendTxData@data                    cstackCOMRAM 000527
I2C1_MasterSetCounter@counter                 cstackCOMRAM 000527
I2C1_Open@address                             cstackCOMRAM 000527
I2C1_Open@returnValue                         cstackCOMRAM 000528
I2C1_Read1ByteRegister@address                cstackCOMRAM 00053D
I2C1_Read1ByteRegister@reg                    cstackCOMRAM 00053C
I2C1_Read1ByteRegister@returnValue            cstackCOMRAM 00053E
I2C1_SetAddressNackCallback@cb                cstackCOMRAM 00052C
I2C1_SetAddressNackCallback@ptr               cstackCOMRAM 00052E
I2C1_SetBuffer@buffer                         cstackCOMRAM 000527
I2C1_SetBuffer@bufferSize                     cstackCOMRAM 000529
I2C1_SetCallback@cb                           cstackCOMRAM 000527
I2C1_SetCallback@idx                          cstackCOMRAM 00052B
I2C1_SetCallback@ptr                          cstackCOMRAM 000529
I2C1_SetDataCompleteCallback@cb               cstackCOMRAM 00052C
I2C1_SetDataCompleteCallback@ptr              cstackCOMRAM 00052E
I2C1_Write1ByteRegister@address               cstackCOMRAM 00053E
I2C1_Write1ByteRegister@data                  cstackCOMRAM 00053D
I2C1_Write1ByteRegister@reg                   cstackCOMRAM 00053C
INTERRUPT_Initialize@state                    cstackCOMRAM 000527
IVTBASEH                                      (abs)        00045E
IVTBASEL                                      (abs)        00045D
IVTBASEU                                      (abs)        00045F
UART1_SetErrorHandler@interruptHandler        cstackCOMRAM 000527
UART1_SetFramingErrorHandler@interruptHandler cstackCOMRAM 000527
UART1_SetOverrunErrorHandler@interruptHandler cstackCOMRAM 000527
UART2_SetErrorHandler@interruptHandler        cstackCOMRAM 000527
UART2_SetFramingErrorHandler@interruptHandler cstackCOMRAM 000527
UART2_SetOverrunErrorHandler@interruptHandler cstackCOMRAM 000527
_ACTCON                                       (abs)        0000AC
_ANSELA                                       (abs)        000400
_ANSELB                                       (abs)        000408
_ANSELC                                       (abs)        000410
_CM1CON0                                      (abs)        000070
_CM1CON0bits                                  (abs)        000070
_CM1CON1                                      (abs)        000071
_CM1NCH                                       (abs)        000072
_CM1PCH                                       (abs)        000073
_CMP1_Initialize                              text18       002410
_DMA1PR                                       (abs)        0000B6
_DMA1_Initialize                              text17       001FCE
_DMA2PR                                       (abs)        0000B7
_DMA2_Initialize                              text16       001F82
_DMASELECT                                    (abs)        0000E8
_DMAnAIRQ                                     (abs)        0000FE
_DMAnCON0                                     (abs)        0000FC
_DMAnCON0bits                                 (abs)        0000FC
_DMAnCON1                                     (abs)        0000FD
_DMAnCON1bits                                 (abs)        0000FD
_DMAnDPTR                                     (abs)        0000EC
_DMAnDSA                                      (abs)        0000F0
_DMAnDSZ                                      (abs)        0000EE
_DMAnSIRQ                                     (abs)        0000FF
_DMAnSPTR                                     (abs)        0000F4
_DMAnSSA                                      (abs)        0000F9
_DMAnSSZ                                      (abs)        0000F7
_Default_ISR                                  text82       002568
_GIE                                          (abs)        0026B7
_I2C1BAUD                                     (abs)        00029D
_I2C1CLK                                      (abs)        00029E
_I2C1CNTH                                     (abs)        00028D
_I2C1CNTL                                     (abs)        00028C
_I2C1CON0                                     (abs)        000294
_I2C1CON0bits                                 (abs)        000294
_I2C1CON1                                     (abs)        000295
_I2C1CON1bits                                 (abs)        000295
_I2C1CON2                                     (abs)        000296
_I2C1ERR                                      (abs)        000297
_I2C1ERRbits                                  (abs)        000297
_I2C1PIE                                      (abs)        00029B
_I2C1PIEbits                                  (abs)        00029B
_I2C1PIR                                      (abs)        00029A
_I2C1PIRbits                                  (abs)        00029A
_I2C1RXB                                      (abs)        00028A
_I2C1SCLPPS                                   (abs)        000271
_I2C1SDAPPS                                   (abs)        000270
_I2C1STAT1bits                                (abs)        000299
_I2C1TXB                                      (abs)        00028B
_I2C1_CallbackReturnReset                     text61       00255E
_I2C1_CallbackReturnStop                      text62       002562
_I2C1_ClearInterruptFlags                     text71       001F30
_I2C1_Close                                   text78       002278
_I2C1_DO_ADDRESS_NACK                         text31       001E14
_I2C1_DO_BUS_COLLISION                        text30       001D3E
_I2C1_DO_BUS_ERROR                            text29       002456
_I2C1_DO_IDLE                                 text46       0024D4
_I2C1_DO_RESET                                text32       002464
_I2C1_DO_RX                                   text42       001958
_I2C1_DO_RX_ACK                               text35       002502
_I2C1_DO_RX_EMPTY                             text40       0018BC
_I2C1_DO_RX_NACK_RESTART                      text33       0024FA
_I2C1_DO_RX_NACK_STOP                         text34       002472
_I2C1_DO_SEND_ADR_READ                        text45       00224E
_I2C1_DO_SEND_ADR_WRITE                       text44       002424
_I2C1_DO_SEND_RESTART                         text37       002556
_I2C1_DO_SEND_RESTART_READ                    text39       002480
_I2C1_DO_SEND_RESTART_WRITE                   text38       00255A
_I2C1_DO_SEND_STOP                            text36       0022A2
_I2C1_DO_TX                                   text43       00179E
_I2C1_DO_TX$804                               cstackCOMRAM 000534
_I2C1_DO_TX_ACK                               text47       00250A
_I2C1_DO_TX_EMPTY                             text41       001B00
_I2C1_Initialize                              text15       002146
_I2C1_MasterClearCountFlag                    text77       002550
_I2C1_MasterClearIrq                          text81       002512
_I2C1_MasterClearNackFlag                     text76       00254A
_I2C1_MasterClearStopFlag                     text75       002544
_I2C1_MasterClose                             text80       00248C
_I2C1_MasterDisableIrq                        text79       002340
_I2C1_MasterDisableRestart                    text59       00253E
_I2C1_MasterEnableRestart                     text58       002538
_I2C1_MasterFsm                               text28       001C5E
_I2C1_MasterGetCounter                        text50       00251A
_I2C1_MasterGetRxData                         text55       002532
_I2C1_MasterIsCountFlagSet                    text74       0023FA
_I2C1_MasterIsNack                            text49       0023A2
_I2C1_MasterIsNackFlagSet                     text73       0023E4
_I2C1_MasterIsRxBufFull                       text54       0023B8
_I2C1_MasterIsStopFlagSet                     text72       0023CE
_I2C1_MasterIsTxBufEmpty                      text48       00238C
_I2C1_MasterOpen                              text23       002172
_I2C1_MasterOperation                         text25       00201A
_I2C1_MasterResetBus                          text60       0024E8
_I2C1_MasterSendAck                           text53       00252C
_I2C1_MasterSendNack                          text52       002526
_I2C1_MasterSendTxData                        text56       0024DE
_I2C1_MasterSetCounter                        text57       002438
_I2C1_MasterStop                              text51       002520
_I2C1_MasterWaitForEvent                      text27       001ED6
_I2C1_MasterWrite                             text24       0024F2
_I2C1_Open                                    text22       0019F0
_I2C1_Poller                                  text26       002324
_I2C1_Read1ByteRegister                       text20       001B78
_I2C1_SetAddressNackCallback                  text21       00235C
_I2C1_SetBuffer                               text70       0022CA
_I2C1_SetCallback                             text69       001A7E
_I2C1_SetDataCompleteCallback                 text68       002374
_I2C1_Status                                  bssCOMRAM    000501
_I2C1_Write1ByteRegister                      text19       001CD0
_INLVLA                                       (abs)        000404
_INLVLB                                       (abs)        00040C
_INLVLC                                       (abs)        000414
_INTCON0bits                                  (abs)        0004D6
_INTERRUPT_Initialize                         text14       0020B2
_IVTBASEH                                     (abs)        00045E
_IVTBASEL                                     (abs)        00045D
_IVTBASEU                                     (abs)        00045F
_IVTLOCK                                      (abs)        000459
_IVTLOCKbits                                  (abs)        000459
_LATA                                         (abs)        0004BE
_LATB                                         (abs)        0004BF
_LATBbits                                     (abs)        0004BF
_LATC                                         (abs)        0004C0
_LATCbits                                     (abs)        0004C0
_ODCONA                                       (abs)        000402
_ODCONB                                       (abs)        00040A
_ODCONC                                       (abs)        000412
_OSCCON1                                      (abs)        0000AD
_OSCCON3                                      (abs)        0000AF
_OSCEN                                        (abs)        0000B3
_OSCFRQ                                       (abs)        0000B1
_OSCILLATOR_Initialize                        text13       002308
_OSCTUNE                                      (abs)        0000B0
_PIE2bits                                     (abs)        0004AA
_PIE6bits                                     (abs)        0004AE
_PIE7bits                                     (abs)        0004AF
_PIN_MANAGER_Initialize                       text12       001BEC
_PIR2bits                                     (abs)        0004B5
_PIR4bits                                     (abs)        0004B7
_PIR6bits                                     (abs)        0004B9
_PIR7bits                                     (abs)        0004BA
_PIR8bits                                     (abs)        0004BB
_PMD0                                         (abs)        000063
_PMD1                                         (abs)        000064
_PMD2                                         (abs)        000065
_PMD3                                         (abs)        000066
_PMD4                                         (abs)        000067
_PMD5                                         (abs)        000068
_PMD_Initialize                               text11       0022EC
_PORTAbits                                    (abs)        0004CE
_PRLOCK                                       (abs)        0000B4
_PRLOCKbits                                   (abs)        0000B4
_RA2PPS                                       (abs)        000203
_RA4PPS                                       (abs)        000205
_RC3PPS                                       (abs)        000214
_RC6PPS                                       (abs)        000217
_SLRCONA                                      (abs)        000403
_SLRCONB                                      (abs)        00040B
_SLRCONC                                      (abs)        000413
_SYSTEM_Initialize                            text1        0020EC
_SystemArbiter_Initialize                     text10       002448
_TRISA                                        (abs)        0004C6
_TRISB                                        (abs)        0004C7
_TRISC                                        (abs)        0004C8
_U1BRGH                                       (abs)        0002AF
_U1BRGL                                       (abs)        0002AE
_U1CON0                                       (abs)        0002AB
_U1CON0bits                                   (abs)        0002AB
_U1CON1                                       (abs)        0002AC
_U1CON2                                       (abs)        0002AD
_U1ERRIE                                      (abs)        0002B3
_U1ERRIR                                      (abs)        0002B2
_U1ERRIRbits                                  (abs)        0002B2
_U1FIFO                                       (abs)        0002B0
_U1P1H                                        (abs)        0002A6
_U1P1L                                        (abs)        0002A5
_U1P2H                                        (abs)        0002A8
_U1P2L                                        (abs)        0002A7
_U1P3H                                        (abs)        0002AA
_U1P3L                                        (abs)        0002A9
_U1RXB                                        (abs)        0002A1
_U1RXPPS                                      (abs)        000272
_U1TXB                                        (abs)        0002A3
_U1UIR                                        (abs)        0002B1
_U2BRGH                                       (abs)        0002C2
_U2BRGL                                       (abs)        0002C1
_U2CON0                                       (abs)        0002BE
_U2CON0bits                                   (abs)        0002BE
_U2CON1                                       (abs)        0002BF
_U2CON2                                       (abs)        0002C0
_U2ERRIE                                      (abs)        0002C6
_U2ERRIR                                      (abs)        0002C5
_U2ERRIRbits                                  (abs)        0002C5
_U2FIFO                                       (abs)        0002C3
_U2P1L                                        (abs)        0002B8
_U2P2L                                        (abs)        0002BA
_U2P3L                                        (abs)        0002BC
_U2RXB                                        (abs)        0002B4
_U2TXB                                        (abs)        0002B6
_U2UIR                                        (abs)        0002C4
_UART1_DefaultErrorHandler                    (abs)        000000
_UART1_DefaultFramingErrorHandler             (abs)        000000
_UART1_DefaultOverrunErrorHandler             (abs)        000000
_UART1_ErrorHandler                           nvCOMRAM     000552
_UART1_FramingErrorHandler                    nvCOMRAM     000556
_UART1_Initialize                             text6        001DAC
_UART1_OverrunErrorHandler                    nvCOMRAM     000554
_UART1_SetErrorHandler                        text9        0024CA
_UART1_SetFramingErrorHandler                 text8        0024C0
_UART1_SetOverrunErrorHandler                 text7        0024B6
_UART2_DefaultErrorHandler                    (abs)        000000
_UART2_DefaultFramingErrorHandler             (abs)        000000
_UART2_DefaultOverrunErrorHandler             (abs)        000000
_UART2_ErrorHandler                           nvCOMRAM     00054C
_UART2_FramingErrorHandler                    nvCOMRAM     000550
_UART2_Initialize                             text2        001E7A
_UART2_OverrunErrorHandler                    nvCOMRAM     00054E
_UART2_SetErrorHandler                        text5        0024AC
_UART2_SetFramingErrorHandler                 text4        0024A2
_UART2_SetOverrunErrorHandler                 text3        002498
_WPUA                                         (abs)        000401
_WPUB                                         (abs)        000409
_WPUC                                         (abs)        000411
__HRAM                                        (abs)        000000
__Habs1                                       abs1         000000
__Hbank10                                     bank10       000000
__Hbank11                                     bank11       000000
__Hbank12                                     bank12       000000
__Hbank13                                     bank13       000000
__Hbank14                                     bank14       000000
__Hbank15                                     bank15       000000
__Hbank16                                     bank16       000000
__Hbank17                                     bank17       000000
__Hbank18                                     bank18       000000
__Hbank19                                     bank19       000000
__Hbank20                                     bank20       000000
__Hbank5                                      bank5        000000
__Hbank6                                      bank6        000000
__Hbank7                                      bank7        000000
__Hbank8                                      bank8        000000
__Hbank9                                      bank9        000000
__Hbigbss                                     bigbss       000000
__Hbigdata                                    bigdata      000000
__Hbigram                                     bigram       000000
__Hbigsfr                                     bigsfr       000000
__Hbss                                        bss          000000
__HbssBANK5                                   bssBANK5     000000
__HbssCOMRAM                                  bssCOMRAM    000000
__Hcinit                                      cinit        000000
__Hclrtext                                    clrtext      000000
__Hcomram                                     comram       000000
__Hconfig                                     config       30000A
__Hconst                                      const        000000
__HcstackCOMRAM                               cstackCOMRAM 000000
__Hdata                                       data         000000
__Heeprom_data                                eeprom_data  000000
__Hfarbss                                     farbss       000000
__Hfardata                                    fardata      000000
__Hheap                                       heap         000000
__Hibigdata                                   ibigdata     000000
__Hidata                                      idata        000000
__Hidloc                                      idloc        200040
__Hifardata                                   ifardata     000000
__Hinit                                       init         0000BE
__Hintsave_regs                               intsave_regs 000000
__Hirdata                                     irdata       000000
__Hivt0x8                                     ivt0x8       0000BA
__Hmediumconst                                mediumconst  000000
__HnvCOMRAM                                   nvCOMRAM     000000
__HnvFARRAM                                   nvFARRAM     000000
__Hnvbit                                      nvbit        000000
__Hnvrram                                     nvrram       000000
__Hparam                                      rparam       000000
__Hpowerup                                    powerup      000000
__Hram                                        ram          000000
__Hramtop                                     ramtop       001500
__Hrbit                                       rbit         000000
__Hrbss                                       rbss         000000
__Hrdata                                      rdata        000000
__Hreset_vec                                  reset_vec    000004
__Hrparam                                     rparam       000000
__Hsfr                                        sfr          000000
__Hsmallconst                                 smallconst   001528
__Hspace_0                                    (abs)        00256A
__Hspace_1                                    (abs)        00058D
__Hspace_2                                    (abs)        000000
__Hspace_4                                    (abs)        60000A
__Hstack                                      stack        000000
__Hstruct                                     struct       000000
__Htemp                                       temp         000000
__Htext                                       text         000000
__Htext0                                      text0        000000
__Htext1                                      text1        000000
__Htext10                                     text10       000000
__Htext11                                     text11       000000
__Htext12                                     text12       000000
__Htext13                                     text13       000000
__Htext14                                     text14       000000
__Htext15                                     text15       000000
__Htext16                                     text16       000000
__Htext17                                     text17       000000
__Htext18                                     text18       000000
__Htext19                                     text19       000000
__Htext2                                      text2        000000
__Htext20                                     text20       000000
__Htext21                                     text21       000000
__Htext22                                     text22       000000
__Htext23                                     text23       000000
__Htext24                                     text24       000000
__Htext25                                     text25       000000
__Htext26                                     text26       000000
__Htext27                                     text27       000000
__Htext28                                     text28       000000
__Htext29                                     text29       000000
__Htext3                                      text3        000000
__Htext30                                     text30       000000
__Htext31                                     text31       000000
__Htext32                                     text32       000000
__Htext33                                     text33       000000
__Htext34                                     text34       000000
__Htext35                                     text35       000000
__Htext36                                     text36       000000
__Htext37                                     text37       000000
__Htext38                                     text38       000000
__Htext39                                     text39       000000
__Htext4                                      text4        000000
__Htext40                                     text40       000000
__Htext41                                     text41       000000
__Htext42                                     text42       000000
__Htext43                                     text43       000000
__Htext44                                     text44       000000
__Htext45                                     text45       000000
__Htext46                                     text46       000000
__Htext47                                     text47       000000
__Htext48                                     text48       000000
__Htext49                                     text49       000000
__Htext5                                      text5        000000
__Htext50                                     text50       000000
__Htext51                                     text51       000000
__Htext52                                     text52       000000
__Htext53                                     text53       000000
__Htext54                                     text54       000000
__Htext55                                     text55       000000
__Htext56                                     text56       000000
__Htext57                                     text57       000000
__Htext58                                     text58       000000
__Htext59                                     text59       000000
__Htext6                                      text6        000000
__Htext60                                     text60       000000
__Htext61                                     text61       000000
__Htext62                                     text62       000000
__Htext63                                     text63       000000
__Htext64                                     text64       000000
__Htext65                                     text65       000000
__Htext66                                     text66       000000
__Htext67                                     text67       000000
__Htext68                                     text68       000000
__Htext69                                     text69       000000
__Htext7                                      text7        000000
__Htext70                                     text70       000000
__Htext71                                     text71       000000
__Htext72                                     text72       000000
__Htext73                                     text73       000000
__Htext74                                     text74       000000
__Htext75                                     text75       000000
__Htext76                                     text76       000000
__Htext77                                     text77       000000
__Htext78                                     text78       000000
__Htext79                                     text79       000000
__Htext8                                      text8        000000
__Htext80                                     text80       000000
__Htext81                                     text81       000000
__Htext82                                     text82       000000
__Htext83                                     text83       000000
__Htext9                                      text9        000000
__LRAM                                        (abs)        000001
__Labs1                                       abs1         000000
__Lbank10                                     bank10       000000
__Lbank11                                     bank11       000000
__Lbank12                                     bank12       000000
__Lbank13                                     bank13       000000
__Lbank14                                     bank14       000000
__Lbank15                                     bank15       000000
__Lbank16                                     bank16       000000
__Lbank17                                     bank17       000000
__Lbank18                                     bank18       000000
__Lbank19                                     bank19       000000
__Lbank20                                     bank20       000000
__Lbank5                                      bank5        000000
__Lbank6                                      bank6        000000
__Lbank7                                      bank7        000000
__Lbank8                                      bank8        000000
__Lbank9                                      bank9        000000
__Lbigbss                                     bigbss       000000
__Lbigdata                                    bigdata      000000
__Lbigram                                     bigram       000000
__Lbigsfr                                     bigsfr       000000
__Lbss                                        bss          000000
__LbssBANK5                                   bssBANK5     000000
__LbssCOMRAM                                  bssCOMRAM    000000
__Lcinit                                      cinit        000000
__Lclrtext                                    clrtext      000000
__Lcomram                                     comram       000000
__Lconfig                                     config       000000
__Lconst                                      const        000000
__LcstackCOMRAM                               cstackCOMRAM 000000
__Ldata                                       data         000000
__Leeprom_data                                eeprom_data  000000
__Lfarbss                                     farbss       000000
__Lfardata                                    fardata      000000
__Lheap                                       heap         000000
__Libigdata                                   ibigdata     000000
__Lidata                                      idata        000000
__Lidloc                                      idloc        000000
__Lifardata                                   ifardata     000000
__Linit                                       init         0000BA
__Lintsave_regs                               intsave_regs 000000
__Lirdata                                     irdata       000000
__Livt0x8                                     ivt0x8       000008
__Lmediumconst                                mediumconst  000000
__LnvCOMRAM                                   nvCOMRAM     000000
__LnvFARRAM                                   nvFARRAM     000000
__Lnvbit                                      nvbit        000000
__Lnvrram                                     nvrram       000000
__Lparam                                      rparam       000000
__Lpowerup                                    powerup      000000
__Lram                                        ram          000000
__Lramtop                                     ramtop       001500
__Lrbit                                       rbit         000000
__Lrbss                                       rbss         000000
__Lrdata                                      rdata        000000
__Lreset_vec                                  reset_vec    000000
__Lrparam                                     rparam       000000
__Lsfr                                        sfr          000000
__Lsmallconst                                 smallconst   001500
__Lspace_0                                    (abs)        000000
__Lspace_1                                    (abs)        000000
__Lspace_2                                    (abs)        000000
__Lspace_4                                    (abs)        000000
__Lstack                                      stack        000000
__Lstruct                                     struct       000000
__Ltemp                                       temp         000000
__Ltext                                       text         000000
__Ltext0                                      text0        000000
__Ltext1                                      text1        000000
__Ltext10                                     text10       000000
__Ltext11                                     text11       000000
__Ltext12                                     text12       000000
__Ltext13                                     text13       000000
__Ltext14                                     text14       000000
__Ltext15                                     text15       000000
__Ltext16                                     text16       000000
__Ltext17                                     text17       000000
__Ltext18                                     text18       000000
__Ltext19                                     text19       000000
__Ltext2                                      text2        000000
__Ltext20                                     text20       000000
__Ltext21                                     text21       000000
__Ltext22                                     text22       000000
__Ltext23                                     text23       000000
__Ltext24                                     text24       000000
__Ltext25                                     text25       000000
__Ltext26                                     text26       000000
__Ltext27                                     text27       000000
__Ltext28                                     text28       000000
__Ltext29                                     text29       000000
__Ltext3                                      text3        000000
__Ltext30                                     text30       000000
__Ltext31                                     text31       000000
__Ltext32                                     text32       000000
__Ltext33                                     text33       000000
__Ltext34                                     text34       000000
__Ltext35                                     text35       000000
__Ltext36                                     text36       000000
__Ltext37                                     text37       000000
__Ltext38                                     text38       000000
__Ltext39                                     text39       000000
__Ltext4                                      text4        000000
__Ltext40                                     text40       000000
__Ltext41                                     text41       000000
__Ltext42                                     text42       000000
__Ltext43                                     text43       000000
__Ltext44                                     text44       000000
__Ltext45                                     text45       000000
__Ltext46                                     text46       000000
__Ltext47                                     text47       000000
__Ltext48                                     text48       000000
__Ltext49                                     text49       000000
__Ltext5                                      text5        000000
__Ltext50                                     text50       000000
__Ltext51                                     text51       000000
__Ltext52                                     text52       000000
__Ltext53                                     text53       000000
__Ltext54                                     text54       000000
__Ltext55                                     text55       000000
__Ltext56                                     text56       000000
__Ltext57                                     text57       000000
__Ltext58                                     text58       000000
__Ltext59                                     text59       000000
__Ltext6                                      text6        000000
__Ltext60                                     text60       000000
__Ltext61                                     text61       000000
__Ltext62                                     text62       000000
__Ltext63                                     text63       000000
__Ltext64                                     text64       000000
__Ltext65                                     text65       000000
__Ltext66                                     text66       000000
__Ltext67                                     text67       000000
__Ltext68                                     text68       000000
__Ltext69                                     text69       000000
__Ltext7                                      text7        000000
__Ltext70                                     text70       000000
__Ltext71                                     text71       000000
__Ltext72                                     text72       000000
__Ltext73                                     text73       000000
__Ltext74                                     text74       000000
__Ltext75                                     text75       000000
__Ltext76                                     text76       000000
__Ltext77                                     text77       000000
__Ltext78                                     text78       000000
__Ltext79                                     text79       000000
__Ltext8                                      text8        000000
__Ltext80                                     text80       000000
__Ltext81                                     text81       000000
__Ltext82                                     text82       000000
__Ltext83                                     text83       000000
__Ltext9                                      text9        000000
__S0                                          (abs)        00256A
__S1                                          (abs)        00058D
__S4                                          (abs)        000000
__S5                                          (abs)        000000
___heap_hi                                    (abs)        000000
___heap_lo                                    (abs)        000000
___inthi_sp                                   stack        000000
___intlo_sp                                   stack        000000
___param_bank                                 (abs)        000000
___rparam_used                                (abs)        000001
___sp                                         stack        000000
__accesstop                                   (abs)        000560
__activetblptr                                (abs)        000003
__end_of_CMP1_Initialize                      text18       002424
__end_of_DMA1_Initialize                      text17       00201A
__end_of_DMA2_Initialize                      text16       001FCE
__end_of_Default_ISR                          text82       00256A
__end_of_I2C1_CallbackReturnReset             text61       002562
__end_of_I2C1_CallbackReturnStop              text62       002566
__end_of_I2C1_ClearInterruptFlags             text71       001F82
__end_of_I2C1_Close                           text78       0022A2
__end_of_I2C1_DO_ADDRESS_NACK                 text31       001E7A
__end_of_I2C1_DO_BUS_COLLISION                text30       001DAC
__end_of_I2C1_DO_BUS_ERROR                    text29       002464
__end_of_I2C1_DO_IDLE                         text46       0024DE
__end_of_I2C1_DO_RESET                        text32       002472
__end_of_I2C1_DO_RX                           text42       0019F0
__end_of_I2C1_DO_RX_ACK                       text35       00250A
__end_of_I2C1_DO_RX_EMPTY                     text40       001958
__end_of_I2C1_DO_RX_NACK_RESTART              text33       002502
__end_of_I2C1_DO_RX_NACK_STOP                 text34       002480
__end_of_I2C1_DO_SEND_ADR_READ                text45       002278
__end_of_I2C1_DO_SEND_ADR_WRITE               text44       002438
__end_of_I2C1_DO_SEND_RESTART                 text37       00255A
__end_of_I2C1_DO_SEND_RESTART_READ            text39       00248C
__end_of_I2C1_DO_SEND_RESTART_WRITE           text38       00255E
__end_of_I2C1_DO_SEND_STOP                    text36       0022CA
__end_of_I2C1_DO_TX                           text43       0018BC
__end_of_I2C1_DO_TX_ACK                       text47       002512
__end_of_I2C1_DO_TX_EMPTY                     text41       001B78
__end_of_I2C1_Initialize                      text15       002172
__end_of_I2C1_MasterClearCountFlag            text77       002556
__end_of_I2C1_MasterClearIrq                  text81       00251A
__end_of_I2C1_MasterClearNackFlag             text76       002550
__end_of_I2C1_MasterClearStopFlag             text75       00254A
__end_of_I2C1_MasterClose                     text80       002498
__end_of_I2C1_MasterDisableIrq                text79       00235C
__end_of_I2C1_MasterDisableRestart            text59       002544
__end_of_I2C1_MasterEnableRestart             text58       00253E
__end_of_I2C1_MasterFsm                       text28       001CD0
__end_of_I2C1_MasterGetCounter                text50       002520
__end_of_I2C1_MasterGetRxData                 text55       002538
__end_of_I2C1_MasterIsCountFlagSet            text74       002410
__end_of_I2C1_MasterIsNack                    text49       0023B8
__end_of_I2C1_MasterIsNackFlagSet             text73       0023FA
__end_of_I2C1_MasterIsRxBufFull               text54       0023CE
__end_of_I2C1_MasterIsStopFlagSet             text72       0023E4
__end_of_I2C1_MasterIsTxBufEmpty              text48       0023A2
__end_of_I2C1_MasterOpen                      text23       00219E
__end_of_I2C1_MasterOperation                 text25       002066
__end_of_I2C1_MasterResetBus                  text60       0024F2
__end_of_I2C1_MasterSendAck                   text53       002532
__end_of_I2C1_MasterSendNack                  text52       00252C
__end_of_I2C1_MasterSendTxData                text56       0024E8
__end_of_I2C1_MasterSetCounter                text57       002448
__end_of_I2C1_MasterStop                      text51       002526
__end_of_I2C1_MasterWaitForEvent              text27       001F30
__end_of_I2C1_MasterWrite                     text24       0024FA
__end_of_I2C1_Open                            text22       001A7E
__end_of_I2C1_Poller                          text26       002340
__end_of_I2C1_Read1ByteRegister               text20       001BEC
__end_of_I2C1_SetAddressNackCallback          text21       002374
__end_of_I2C1_SetBuffer                       text70       0022EC
__end_of_I2C1_SetCallback                     text69       001B00
__end_of_I2C1_SetDataCompleteCallback         text68       00238C
__end_of_I2C1_Write1ByteRegister              text19       001D3E
__end_of_INTERRUPT_Initialize                 text14       0020EC
__end_of_OSCILLATOR_Initialize                text13       002324
__end_of_PIN_MANAGER_Initialize               text12       001C5E
__end_of_PMD_Initialize                       text11       002308
__end_of_SYSTEM_Initialize                    text1        00211A
__end_of_SystemArbiter_Initialize             text10       002456
__end_of_UART1_Initialize                     text6        001E14
__end_of_UART1_SetErrorHandler                text9        0024D4
__end_of_UART1_SetFramingErrorHandler         text8        0024CA
__end_of_UART1_SetOverrunErrorHandler         text7        0024C0
__end_of_UART2_Initialize                     text2        001ED6
__end_of_UART2_SetErrorHandler                text5        0024B6
__end_of_UART2_SetFramingErrorHandler         text4        0024AC
__end_of_UART2_SetOverrunErrorHandler         text3        0024A2
__end_of__initialization                      cinit        002140
__end_of_i2c1_fsmStateTable                   smallconst   001527
__end_of_main                                 text0        00179E
__end_of_rd1RegCompleteHandler                text66       002222
__end_of_rd2RegCompleteHandler                text65       0021F6
__end_of_rdBlkRegCompleteHandler              text63       0020B2
__end_of_wr1RegCompleteHandler                text64       0021CA
__end_of_wr2RegCompleteHandler                text67       00224E
__initialization                              cinit        00211A
__mediumconst                                 mediumconst  000000
__pbssBANK5                                   bssBANK5     000560
__pbssCOMRAM                                  bssCOMRAM    000501
__pcinit                                      cinit        00211A
__pcstackCOMRAM                               cstackCOMRAM 000527
__pivt0x8                                     ivt0x8       000008
__pnvCOMRAM                                   nvCOMRAM     00054C
__psmallconst                                 smallconst   001500
__ptext0                                      text0        001528
__ptext1                                      text1        0020EC
__ptext10                                     text10       002448
__ptext11                                     text11       0022EC
__ptext12                                     text12       001BEC
__ptext13                                     text13       002308
__ptext14                                     text14       0020B2
__ptext15                                     text15       002146
__ptext16                                     text16       001F82
__ptext17                                     text17       001FCE
__ptext18                                     text18       002410
__ptext19                                     text19       001CD0
__ptext2                                      text2        001E7A
__ptext20                                     text20       001B78
__ptext21                                     text21       00235C
__ptext22                                     text22       0019F0
__ptext23                                     text23       002172
__ptext24                                     text24       0024F2
__ptext25                                     text25       00201A
__ptext26                                     text26       002324
__ptext27                                     text27       001ED6
__ptext28                                     text28       001C5E
__ptext29                                     text29       002456
__ptext3                                      text3        002498
__ptext30                                     text30       001D3E
__ptext31                                     text31       001E14
__ptext32                                     text32       002464
__ptext33                                     text33       0024FA
__ptext34                                     text34       002472
__ptext35                                     text35       002502
__ptext36                                     text36       0022A2
__ptext37                                     text37       002556
__ptext38                                     text38       00255A
__ptext39                                     text39       002480
__ptext4                                      text4        0024A2
__ptext40                                     text40       0018BC
__ptext41                                     text41       001B00
__ptext42                                     text42       001958
__ptext43                                     text43       00179E
__ptext44                                     text44       002424
__ptext45                                     text45       00224E
__ptext46                                     text46       0024D4
__ptext47                                     text47       00250A
__ptext48                                     text48       00238C
__ptext49                                     text49       0023A2
__ptext5                                      text5        0024AC
__ptext50                                     text50       00251A
__ptext51                                     text51       002520
__ptext52                                     text52       002526
__ptext53                                     text53       00252C
__ptext54                                     text54       0023B8
__ptext55                                     text55       002532
__ptext56                                     text56       0024DE
__ptext57                                     text57       002438
__ptext58                                     text58       002538
__ptext59                                     text59       00253E
__ptext6                                      text6        001DAC
__ptext60                                     text60       0024E8
__ptext61                                     text61       00255E
__ptext62                                     text62       002562
__ptext63                                     text63       002066
__ptext64                                     text64       00219E
__ptext65                                     text65       0021CA
__ptext66                                     text66       0021F6
__ptext67                                     text67       002222
__ptext68                                     text68       002374
__ptext69                                     text69       001A7E
__ptext7                                      text7        0024B6
__ptext70                                     text70       0022CA
__ptext71                                     text71       001F30
__ptext72                                     text72       0023CE
__ptext73                                     text73       0023E4
__ptext74                                     text74       0023FA
__ptext75                                     text75       002544
__ptext76                                     text76       00254A
__ptext77                                     text77       002550
__ptext78                                     text78       002278
__ptext79                                     text79       002340
__ptext8                                      text8        0024C0
__ptext80                                     text80       00248C
__ptext81                                     text81       002512
__ptext82                                     text82       002568
__ptext83                                     text83       000000
__ptext9                                      text9        0024CA
__ramtop                                      ramtop       001500
__smallconst                                  smallconst   001500
_combined_data                                bssBANK5     000560
_i2c1_fsmStateTable                           smallconst   001501
_main                                         text0        001528
_rd1RegCompleteHandler                        text66       0021F6
_rd2RegCompleteHandler                        text65       0021CA
_rdBlkRegCompleteHandler                      text63       002066
_uart1RxLastError                             bssCOMRAM    000526
_uart2RxLastError                             bssCOMRAM    000525
_uart_dma_data                                bssBANK5     000580
_wr1RegCompleteHandler                        text64       00219E
_wr2RegCompleteHandler                        text67       002222
end_of_initialization                         cinit        002140
intlevel0                                     text         000000
intlevel1                                     text         000000
intlevel2                                     text         000000
intlevel3                                     text         000000
isa$std                                       (abs)        000001
isa$xinst                                     (abs)        000000
ivt0x8_base                                   ivt0x8       000008
ivt0x8_undefint                               ivt0x8       0000B8
main@dataValid                                cstackCOMRAM 000545
main@foot_imu_data                            cstackCOMRAM 000542
main@i                                        cstackCOMRAM 000549
main@i_1628                                   cstackCOMRAM 00054B
main@j                                        cstackCOMRAM 00054A
main@measurementStarted                       cstackCOMRAM 000548
main@shin_imu_data                            cstackCOMRAM 000546
main@who_am_i                                 cstackCOMRAM 000544
rd1RegCompleteHandler@ptr                     cstackCOMRAM 000530
rd2RegCompleteHandler@ptr                     cstackCOMRAM 000530
rdBlkRegCompleteHandler@ptr                   cstackCOMRAM 000530
stackhi                                       (abs)        000000
stacklo                                       (abs)        000000
start                                         init         0000BA
start_initialization                          cinit        00211A
wr1RegCompleteHandler@ptr                     cstackCOMRAM 000530
wr2RegCompleteHandler@ptr                     cstackCOMRAM 000530


MODULE INFORMATION

Module		Function		Class		Link	Load	Size
mcc_generated_files/cmp1.c
		_CMP1_Initialize		CODE           	2410	0000	20

mcc_generated_files/cmp1.c estimated size: 20

mcc_generated_files/uart2.c
		_UART2_SetFramingErrorHandler		CODE           	24A2	0000	10
		_UART2_SetOverrunErrorHandler		CODE           	2498	0000	10
		_UART2_Initialize		CODE           	1E7A	0000	92
		_UART2_SetErrorHandler		CODE           	24AC	0000	10

mcc_generated_files/uart2.c estimated size: 122

mcc_generated_files/examples/i2c1_master_example.c
		_wr1RegCompleteHandler		CODE           	219E	0000	44
		_wr2RegCompleteHandler		CODE           	2222	0000	44
		_I2C1_Write1ByteRegister		CODE           	1CD0	0000	110
		_rdBlkRegCompleteHandler		CODE           	2066	0000	76
		_rd1RegCompleteHandler		CODE           	21F6	0000	44
		_rd2RegCompleteHandler		CODE           	21CA	0000	44
		_I2C1_Read1ByteRegister		CODE           	1B78	0000	116

mcc_generated_files/examples/i2c1_master_example.c estimated size: 478

mcc_generated_files/i2c1_master.c
		_I2C1_DO_SEND_RESTART		CODE           	2556	0000	4
		_I2C1_MasterIsNackFlagSet		CODE           	23E4	0000	22
		_I2C1_DO_RX_EMPTY		CODE           	18BC	0000	156
		_I2C1_DO_TX_EMPTY		CODE           	1B00	0000	120
		_I2C1_DO_SEND_RESTART_READ		CODE           	2480	0000	12
		_I2C1_MasterClearNackFlag		CODE           	254A	0000	6
		_I2C1_CallbackReturnStop		CODE           	2562	0000	4
		_I2C1_DO_RX    		CODE           	1958	0000	152
		_I2C1_DO_TX    		CODE           	179E	0000	286
		_I2C1_SetAddressNackCallback		CODE           	235C	0000	24
		_I2C1_DO_IDLE  		CODE           	24D4	0000	10
		_I2C1_MasterOpen		CODE           	2172	0000	44
		_I2C1_MasterSendTxData		CODE           	24DE	0000	10
		_I2C1_MasterStop		CODE           	2520	0000	6
		_I2C1_MasterIsStopFlagSet		CODE           	23CE	0000	22
		_I2C1_CallbackReturnReset		CODE           	255E	0000	4
		_I2C1_DO_RESET 		CODE           	2464	0000	14
		_I2C1_Poller   		CODE           	2324	0000	28
		_I2C1_DO_RX_ACK		CODE           	2502	0000	8
		_I2C1_DO_TX_ACK		CODE           	250A	0000	8
		_I2C1_MasterWaitForEvent		CODE           	1ED6	0000	90
		_I2C1_MasterSendNack		CODE           	2526	0000	6
		_I2C1_DO_RX_NACK_RESTART		CODE           	24FA	0000	8
		_I2C1_MasterDisableIrq		CODE           	2340	0000	28
		_I2C1_ClearInterruptFlags		CODE           	1F30	0000	82
		_I2C1_MasterOperation		CODE           	201A	0000	76
		_I2C1_MasterClearStopFlag		CODE           	2544	0000	6
		_I2C1_SetCallback		CODE           	1A7E	0000	130
		_I2C1_MasterEnableRestart		CODE           	2538	0000	6
		_I2C1_MasterGetCounter		CODE           	251A	0000	6
		_I2C1_MasterSetCounter		CODE           	2438	0000	16
		_I2C1_Open     		CODE           	19F0	0000	142
		_I2C1_DO_ADDRESS_NACK		CODE           	1E14	0000	102
		_I2C1_MasterDisableRestart		CODE           	253E	0000	6
		_I2C1_MasterClearCountFlag		CODE           	2550	0000	6
		_I2C1_SetBuffer		CODE           	22CA	0000	34
		_I2C1_DO_SEND_RESTART_WRITE		CODE           	255A	0000	4
		_I2C1_MasterIsTxBufEmpty		CODE           	238C	0000	22
		_I2C1_MasterClose		CODE           	248C	0000	12
		_I2C1_MasterWrite		CODE           	24F2	0000	8
		_I2C1_Initialize		CODE           	2146	0000	44
		_I2C1_Close    		CODE           	2278	0000	42
		_I2C1_MasterIsRxBufFull		CODE           	23B8	0000	22
		_I2C1_MasterIsNack		CODE           	23A2	0000	22
		_I2C1_DO_SEND_ADR_WRITE		CODE           	2424	0000	20
		_I2C1_MasterClearIrq		CODE           	2512	0000	8
		_I2C1_SetDataCompleteCallback		CODE           	2374	0000	24
		_I2C1_DO_SEND_STOP		CODE           	22A2	0000	40
		_I2C1_DO_BUS_COLLISION		CODE           	1D3E	0000	110
		_I2C1_DO_BUS_ERROR		CODE           	2456	0000	14
		_I2C1_MasterSendAck		CODE           	252C	0000	6
		_I2C1_MasterFsm		CODE           	1C5E	0000	114
		_I2C1_MasterGetRxData		CODE           	2532	0000	6
		_I2C1_MasterResetBus		CODE           	24E8	0000	10
		_I2C1_MasterIsCountFlagSet		CODE           	23FA	0000	22
		_I2C1_DO_SEND_ADR_READ		CODE           	224E	0000	42
		_I2C1_DO_RX_NACK_STOP		CODE           	2472	0000	14

mcc_generated_files/i2c1_master.c estimated size: 2290

mcc_generated_files/interrupt_manager.c
		_INTERRUPT_Initialize		CODE           	20B2	0000	58
		_Default_ISR   		CODE           	2568	0000	2

mcc_generated_files/interrupt_manager.c estimated size: 60

mcc_generated_files/pin_manager.c
		_PIN_MANAGER_Initialize		CODE           	1BEC	0000	114

mcc_generated_files/pin_manager.c estimated size: 114

mcc_generated_files/dma1.c
		_DMA1_Initialize		CODE           	1FCE	0000	76

mcc_generated_files/dma1.c estimated size: 76

mcc_generated_files/uart1.c
		_UART1_SetFramingErrorHandler		CODE           	24C0	0000	10
		_UART1_SetOverrunErrorHandler		CODE           	24B6	0000	10
		_UART1_Initialize		CODE           	1DAC	0000	104
		_UART1_SetErrorHandler		CODE           	24CA	0000	10

mcc_generated_files/uart1.c estimated size: 134

shared
		__initialization		CODE           	211A	0000	38
		_i2c1_fsmStateTable		SMALLCONST     	1501	0000	38

shared estimated size: 76

mcc_generated_files/mcc.c
		_SystemArbiter_Initialize		CODE           	2448	0000	14
		_PMD_Initialize		CODE           	22EC	0000	28
		_OSCILLATOR_Initialize		CODE           	2308	0000	28
		_SYSTEM_Initialize		CODE           	20EC	0000	46

mcc_generated_files/mcc.c estimated size: 116

main.c
		_main          		CODE           	1528	0000	630

main.c estimated size: 630

mcc_generated_files/dma2.c
		_DMA2_Initialize		CODE           	1F82	0000	76

mcc_generated_files/dma2.c estimated size: 76

