Microchip MPLAB XC8 Compiler V2.35

Linker command line:

-W-3 --edf=C:\Program Files\Microchip\xc8\v2.35\pic\dat\en_msgs.txt \
  -pivt0x8=08h -cn \
  -h+dist/default/production\shinstrap_alpha0.X.production.sym \
  --cmf=dist/default/production\shinstrap_alpha0.X.production.cmf -z \
  -Q18F16Q40 -oC:\Users\juddf\AppData\Local\Temp\xcAsep8.4 \
  --defsym=__MPLAB_BUILD=1 \
  -Mdist/default/production/shinstrap_alpha0.X.production.map \
  --md=C:\Users\juddf\AppData\Local\Temp\xcAsep8.dat -E1 -ver=XC8 Compiler \
  --acfsm=1493 -ACODE=00h-0FFFFh -ACONST=00h-0FFFFh \
  -ASMALLCONST=01600h-016FFhx234 -AMEDIUMCONST=01600h-0FFFFh \
  -ACOMRAM=0501h-055Fh -AABS1=0500h-015FFh -ABIGRAM=0501h-015FFh \
  -ARAM=0560h-05FFh,0600h-06FFhx16 -ABANK5=0560h-05FFh -ABANK6=0600h-06FFh \
  -ABANK7=0700h-07FFh -ABANK8=0800h-08FFh -ABANK9=0900h-09FFh \
  -ABANK10=0A00h-0AFFh -ABANK11=0B00h-0BFFh -ABANK12=0C00h-0CFFh \
  -ABANK13=0D00h-0DFFh -ABANK14=0E00h-0EFFh -ABANK15=0F00h-0FFFh \
  -ABANK16=01000h-010FFh -ABANK17=01100h-011FFh -ABANK18=01200h-012FFh \
  -ABANK19=01300h-013FFh -ABANK20=01400h-014FFh -ABANK21=01500h-015FFh \
  -ASFR=00h-0FFhx4,0400h-045Fh,0460h-04FFh -ABIGSFR=00h-04FFh \
  -ACONFIG=0300000h-0300011h -AIDLOC=0200000h-020001Fh \
  -AEEDATA=0380000h-03801FFh -peeprom_data=EEDATA -preset_vec=00h \
  -ppowerup=CODE,init -pramtop=01600h -psmallconst=SMALLCONST \
  -pmediumconst=MEDIUMCONST -pconst=CONST -AFARRAM=00h-00h \
  -prdata=COMRAM,nvrram=COMRAM,nvbit=COMRAM,rbss=COMRAM,rbit=COMRAM \
  -pfarbss=FARRAM,fardata=FARRAM,nvFARRAM=FARRAM \
  -pintsave_regs=BIGRAM,bigbss=BIGRAM,bigdata=BIGRAM -pbss=RAM \
  -pidata=CODE,irdata=CODE,ibigdata=CODE,ifardata=CODE -prparam=COMRAM \
  C:\Users\juddf\AppData\Local\Temp\xcAsep8.o \
  dist/default/production\shinstrap_alpha0.X.production.o 

Object code version is 3.11

Machine type is 18F16Q40



                Name                               Link     Load   Length Selector   Space Scale
C:\Users\juddf\AppData\Local\Temp\xcAsep8.o
                idloc                            200000   200000       20        0       5
                config                           300000   300000        A        0       4
                init                                 1A       1A        4        4       0
                reset_vec                             0        0        4        0       0
dist/default/production\shinstrap_alpha0.X.production.o
                idloc                            200000   200000       20        0       5
                config                           300000   300000        A        0       4
                ivt0x8                                8        8       12        4       0
                text20                              46A      46A        8        4       0
                text19                              462      462        8        4       0
                text18                              390      390       2E        4       0
                text17                              47E      47E        6        4       0
                text16                              45A      45A        8        4       0
                text15                              416      416       16        4       0
                text14                              400      400       16        4       0
                text13                              3EA      3EA       16        4       0
                text12                              3D4      3D4       16        4       0
                text11                              3BE      3BE       16        4       0
                text10                              478      478        6        4       0
                text9                               2D0      2D0       34        4       0
                text8                               362      362       2E        4       0
                text7                               472      472        6        4       0
                text6                               440      440       10        4       0
                text5                               450      450        A        4       0
                text4                               42C      42C       14        4       0
                text3                               334      334       2E        4       0
                text2                                1E       1E      136        4       0
                text1                               21C      21C       B4        4       0
                text0                               154      154       C8        4       0
                cstackCOMRAM                        514      514        D      501       1
                bssBANK5                            560      560       80      560       1
                bssCOMRAM                           501      501       13      501       1
                cinit                               304      304       30        4       0

TOTAL           Name                               Link     Load   Length     Space
        CLASS   CODE           
                init                                 1A       1A        4         0
                reset_vec                             0        0        4         0
                ivt0x8                                8        8       12         0
                text20                              46A      46A        8         0
                text19                              462      462        8         0
                text18                              390      390       2E         0
                text17                              47E      47E        6         0
                text16                              45A      45A        8         0
                text15                              416      416       16         0
                text14                              400      400       16         0
                text13                              3EA      3EA       16         0
                text12                              3D4      3D4       16         0
                text11                              3BE      3BE       16         0
                text10                              478      478        6         0
                text9                               2D0      2D0       34         0
                text8                               362      362       2E         0
                text7                               472      472        6         0
                text6                               440      440       10         0
                text5                               450      450        A         0
                text4                               42C      42C       14         0
                text3                               334      334       2E         0
                text2                                1E       1E      136         0
                text1                               21C      21C       B4         0
                text0                               154      154       C8         0
                cinit                               304      304       30         0

        CLASS   CONST          

        CLASS   SMALLCONST     

        CLASS   MEDIUMCONST    

        CLASS   COMRAM         
                cstackCOMRAM                        514      514        D         1
                bssCOMRAM                           501      501       13         1

        CLASS   ABS1           

        CLASS   BIGRAM         

        CLASS   RAM            

        CLASS   BANK5          
                bssBANK5                            560      560       80         1

        CLASS   BANK6          

        CLASS   BANK7          

        CLASS   BANK8          

        CLASS   BANK9          

        CLASS   BANK10         

        CLASS   BANK11         

        CLASS   BANK12         

        CLASS   BANK13         

        CLASS   BANK14         

        CLASS   BANK15         

        CLASS   BANK16         

        CLASS   BANK17         

        CLASS   BANK18         

        CLASS   BANK19         

        CLASS   BANK20         

        CLASS   BANK21         

        CLASS   SFR            

        CLASS   BIGSFR         

        CLASS   CONFIG         
                config                           300000   300000        A         4

        CLASS   IDLOC          
                idloc                            200000   200000       20         5

        CLASS   EEDATA         

        CLASS   FARRAM         

        CLASS   HEAP           

        CLASS   STACK          



SEGMENTS        Name                           Load    Length   Top    Selector   Space  Class

                reset_vec                      000000  000004  000004         0       0  CODE    
                ivt0x8                         000008  00047C  000484         4       0  CODE    
                bssCOMRAM                      000501  000020  000521       501       1  COMRAM  
                bssBANK5                       000560  000080  0005E0       560       1  BANK5   


UNUSED ADDRESS RANGES

        Name                Unused          Largest block    Delta
        BANK10           000A00-000AFF              100
        BANK11           000B00-000BFF              100
        BANK12           000C00-000CFF              100
        BANK13           000D00-000DFF              100
        BANK14           000E00-000EFF              100
        BANK15           000F00-000FFF              100
        BANK16           001000-0010FF              100
        BANK17           001100-0011FF              100
        BANK18           001200-0012FF              100
        BANK19           001300-0013FF              100
        BANK20           001400-0014FF              100
        BANK21           001500-0015FF              100
        BANK5            0005E0-0005FF               20
        BANK6            000600-0006FF              100
        BANK7            000700-0007FF              100
        BANK8            000800-0008FF              100
        BANK9            000900-0009FF              100
        BIGRAM           000521-00055F               3F
                         0005E0-0015FF             1020
        BIGSFR           000000-0004FF              500
        CODE             000004-000007                4
                         000484-00FFFF             FB7C
        COMRAM           000521-00055F               3F
        CONFIG           30000A-300011                8
        CONST            000004-000007                4
                         000484-00FFFF             FB7C
        EEDATA           380000-3801FF              200
        MEDIUMCONST      001600-00FFFF             EA00
        RAM              0005E0-0015FF              100
        SFR              000000-0004FF              100
        SMALLCONST       001600-00FFFF              100

                                  Symbol Table

I2C1_SlaveSendTxData@data                  cstackCOMRAM 000514
I2C1_SlaveSetCounter@counter               cstackCOMRAM 000514
IVTBASEH                                   (abs)        00045E
IVTBASEL                                   (abs)        00045D
IVTBASEU                                   (abs)        00045F
_ACTCON                                    (abs)        0000AC
_ADACCH                                    (abs)        0003E4
_ADACCL                                    (abs)        0003E3
_ADACCU                                    (abs)        0003E5
_ADACQH                                    (abs)        0003EF
_ADACQL                                    (abs)        0003EE
_ADACT                                     (abs)        0003F9
_ADCAP                                     (abs)        0003F0
_ADCLK                                     (abs)        0003FA
_ADCNT                                     (abs)        0003E6
_ADCON0                                    (abs)        0003F3
_ADCON0bits                                (abs)        0003F3
_ADCON1                                    (abs)        0003F4
_ADCON1bits                                (abs)        0003F4
_ADCON2                                    (abs)        0003F5
_ADCON2bits                                (abs)        0003F5
_ADCON3                                    (abs)        0003F6
_ADCON3bits                                (abs)        0003F6
_ADERRH                                    (abs)        0003DE
_ADERRL                                    (abs)        0003DD
_ADFLTRH                                   (abs)        0003E2
_ADFLTRL                                   (abs)        0003E1
_ADLTHH                                    (abs)        0003DA
_ADLTHL                                    (abs)        0003D9
_ADPCH                                     (abs)        0003EC
_ADPREH                                    (abs)        0003F2
_ADPREL                                    (abs)        0003F1
_ADPREVH                                   (abs)        0003E9
_ADPREVL                                   (abs)        0003E8
_ADREF                                     (abs)        0003F8
_ADRESH                                    (abs)        0003EB
_ADRESL                                    (abs)        0003EA
_ADRPT                                     (abs)        0003E7
_ADSTAT                                    (abs)        0003F7
_ADSTATbits                                (abs)        0003F7
_ADSTPTH                                   (abs)        0003E0
_ADSTPTL                                   (abs)        0003DF
_ADUTHH                                    (abs)        0003DC
_ADUTHL                                    (abs)        0003DB
_ANSELA                                    (abs)        000400
_ANSELB                                    (abs)        000408
_ANSELC                                    (abs)        000410
_I2C1ADB0                                  (abs)        00028E
_I2C1ADR0                                  (abs)        000290
_I2C1ADR1                                  (abs)        000291
_I2C1ADR2                                  (abs)        000292
_I2C1ADR3                                  (abs)        000293
_I2C1BAUD                                  (abs)        00029D
_I2C1CNTH                                  (abs)        00028D
_I2C1CNTL                                  (abs)        00028C
_I2C1CON0                                  (abs)        000294
_I2C1CON0bits                              (abs)        000294
_I2C1CON1                                  (abs)        000295
_I2C1CON1bits                              (abs)        000295
_I2C1CON2                                  (abs)        000296
_I2C1ERRbits                               (abs)        000297
_I2C1PIEbits                               (abs)        00029B
_I2C1PIR                                   (abs)        00029A
_I2C1PIRbits                               (abs)        00029A
_I2C1RXB                                   (abs)        00028A
_I2C1SCLPPS                                (abs)        000271
_I2C1SDAPPS                                (abs)        000270
_I2C1STAT0bits                             (abs)        000298
_I2C1STAT1bits                             (abs)        000299
_I2C1TXB                                   (abs)        00028B
_I2C1_InterruptHandler                     bssCOMRAM    00050B
_I2C1_Isr                                  text2        00001E
_I2C1_SlaveAddrCallBack                    text18       000390
_I2C1_SlaveAddrInterruptHandler            bssCOMRAM    000505
_I2C1_SlaveBusColInterruptHandler          bssCOMRAM    000503
_I2C1_SlaveClearBuff                       text17       00047E
_I2C1_SlaveClearIrq                        text16       00045A
_I2C1_SlaveDefAddrInterruptHandler         text19       000462
_I2C1_SlaveDefBusColInterruptHandler       (abs)        000000
_I2C1_SlaveDefRdInterruptHandler           text9        0002D0
_I2C1_SlaveDefWrColInterruptHandler        (abs)        000000
_I2C1_SlaveDefWrInterruptHandler           text4        00042C
_I2C1_SlaveGetAddr                         text20       00046A
_I2C1_SlaveGetRxData                       text10       000478
_I2C1_SlaveIsAddr                          text15       000416
_I2C1_SlaveIsRead                          text14       000400
_I2C1_SlaveIsRxBufFull                     text13       0003EA
_I2C1_SlaveIsStop                          text12       0003D4
_I2C1_SlaveIsTxBufEmpty                    text11       0003BE
_I2C1_SlaveRdCallBack                      text8        000362
_I2C1_SlaveRdInterruptHandler              bssCOMRAM    000509
_I2C1_SlaveReleaseClock                    text7        000472
_I2C1_SlaveSendTxData                      text5        000450
_I2C1_SlaveSetCounter                      text6        000440
_I2C1_SlaveWrCallBack                      text3        000334
_I2C1_SlaveWrColInterruptHandler           bssCOMRAM    000501
_I2C1_SlaveWrInterruptHandler              bssCOMRAM    000507
_INLVLA                                    (abs)        000404
_INLVLB                                    (abs)        00040C
_INLVLC                                    (abs)        000414
_INTCON0bits                               (abs)        0004D6
_INTERRUPT_InterruptManager                text1        00021C
_Jaccess_reg                               bssCOMRAM    00050E
_Ji2c_registers                            bssBANK5     000560
_Ji2c_state                                bssCOMRAM    00050F
_LATA                                      (abs)        0004BE
_LATB                                      (abs)        0004BF
_LATC                                      (abs)        0004C0
_LATCbits                                  (abs)        0004C0
_ODCONA                                    (abs)        000402
_ODCONB                                    (abs)        00040A
_ODCONC                                    (abs)        000412
_OSCCON1                                   (abs)        0000AD
_OSCCON3                                   (abs)        0000AF
_OSCEN                                     (abs)        0000B3
_OSCFRQ                                    (abs)        0000B1
_OSCTUNE                                   (abs)        0000B0
_PIE7bits                                  (abs)        0004AF
_PIR7bits                                  (abs)        0004BA
_PMD0                                      (abs)        000063
_PMD1                                      (abs)        000064
_PMD2                                      (abs)        000065
_PMD3                                      (abs)        000066
_PMD4                                      (abs)        000067
_PMD5                                      (abs)        000068
_RC3PPS                                    (abs)        000214
_RC6PPS                                    (abs)        000217
_SLRCONA                                   (abs)        000403
_SLRCONB                                   (abs)        00040B
_SLRCONC                                   (abs)        000413
_TRISA                                     (abs)        0004C6
_TRISB                                     (abs)        0004C7
_TRISC                                     (abs)        0004C8
_TRISCbits                                 (abs)        0004C8
_WPUA                                      (abs)        000401
_WPUB                                      (abs)        000409
_WPUC                                      (abs)        000411
__HRAM                                     (abs)        000000
__Habs1                                    abs1         000000
__Hbank10                                  bank10       000000
__Hbank11                                  bank11       000000
__Hbank12                                  bank12       000000
__Hbank13                                  bank13       000000
__Hbank14                                  bank14       000000
__Hbank15                                  bank15       000000
__Hbank16                                  bank16       000000
__Hbank17                                  bank17       000000
__Hbank18                                  bank18       000000
__Hbank19                                  bank19       000000
__Hbank20                                  bank20       000000
__Hbank21                                  bank21       000000
__Hbank5                                   bank5        000000
__Hbank6                                   bank6        000000
__Hbank7                                   bank7        000000
__Hbank8                                   bank8        000000
__Hbank9                                   bank9        000000
__Hbigbss                                  bigbss       000000
__Hbigdata                                 bigdata      000000
__Hbigram                                  bigram       000000
__Hbigsfr                                  bigsfr       000000
__Hbss                                     bss          000000
__HbssBANK5                                bssBANK5     000000
__HbssCOMRAM                               bssCOMRAM    000000
__Hcinit                                   cinit        000000
__Hclrtext                                 clrtext      000000
__Hcomram                                  comram       000000
__Hconfig                                  config       30000A
__Hconst                                   const        000000
__HcstackCOMRAM                            cstackCOMRAM 000000
__Hdata                                    data         000000
__Heeprom_data                             eeprom_data  000000
__Hfarbss                                  farbss       000000
__Hfardata                                 fardata      000000
__Hheap                                    heap         000000
__Hibigdata                                ibigdata     000000
__Hidata                                   idata        000000
__Hidloc                                   idloc        200020
__Hifardata                                ifardata     000000
__Hinit                                    init         00001E
__Hintsave_regs                            intsave_regs 000000
__Hirdata                                  irdata       000000
__Hivt0x8                                  ivt0x8       00001A
__Hmediumconst                             mediumconst  000000
__HnvFARRAM                                nvFARRAM     000000
__Hnvbit                                   nvbit        000000
__Hnvrram                                  nvrram       000000
__Hparam                                   rparam       000000
__Hpowerup                                 powerup      000000
__Hram                                     ram          000000
__Hramtop                                  ramtop       001600
__Hrbit                                    rbit         000000
__Hrbss                                    rbss         000000
__Hrdata                                   rdata        000000
__Hreset_vec                               reset_vec    000004
__Hrparam                                  rparam       000000
__Hsfr                                     sfr          000000
__Hsmallconst                              smallconst   000000
__Hspace_0                                 (abs)        001600
__Hspace_1                                 (abs)        0005E0
__Hspace_2                                 (abs)        000000
__Hspace_4                                 (abs)        60000A
__Hstack                                   stack        000000
__Hstruct                                  struct       000000
__Htemp                                    temp         000000
__Htext                                    text         000000
__Htext0                                   text0        000000
__Htext1                                   text1        000000
__Htext10                                  text10       000000
__Htext11                                  text11       000000
__Htext12                                  text12       000000
__Htext13                                  text13       000000
__Htext14                                  text14       000000
__Htext15                                  text15       000000
__Htext16                                  text16       000000
__Htext17                                  text17       000000
__Htext18                                  text18       000000
__Htext19                                  text19       000000
__Htext2                                   text2        000000
__Htext20                                  text20       000000
__Htext21                                  text21       000000
__Htext3                                   text3        000000
__Htext4                                   text4        000000
__Htext5                                   text5        000000
__Htext6                                   text6        000000
__Htext7                                   text7        000000
__Htext8                                   text8        000000
__Htext9                                   text9        000000
__LRAM                                     (abs)        000001
__Labs1                                    abs1         000000
__Lbank10                                  bank10       000000
__Lbank11                                  bank11       000000
__Lbank12                                  bank12       000000
__Lbank13                                  bank13       000000
__Lbank14                                  bank14       000000
__Lbank15                                  bank15       000000
__Lbank16                                  bank16       000000
__Lbank17                                  bank17       000000
__Lbank18                                  bank18       000000
__Lbank19                                  bank19       000000
__Lbank20                                  bank20       000000
__Lbank21                                  bank21       000000
__Lbank5                                   bank5        000000
__Lbank6                                   bank6        000000
__Lbank7                                   bank7        000000
__Lbank8                                   bank8        000000
__Lbank9                                   bank9        000000
__Lbigbss                                  bigbss       000000
__Lbigdata                                 bigdata      000000
__Lbigram                                  bigram       000000
__Lbigsfr                                  bigsfr       000000
__Lbss                                     bss          000000
__LbssBANK5                                bssBANK5     000000
__LbssCOMRAM                               bssCOMRAM    000000
__Lcinit                                   cinit        000000
__Lclrtext                                 clrtext      000000
__Lcomram                                  comram       000000
__Lconfig                                  config       000000
__Lconst                                   const        000000
__LcstackCOMRAM                            cstackCOMRAM 000000
__Ldata                                    data         000000
__Leeprom_data                             eeprom_data  000000
__Lfarbss                                  farbss       000000
__Lfardata                                 fardata      000000
__Lheap                                    heap         000000
__Libigdata                                ibigdata     000000
__Lidata                                   idata        000000
__Lidloc                                   idloc        000000
__Lifardata                                ifardata     000000
__Linit                                    init         00001A
__Lintsave_regs                            intsave_regs 000000
__Lirdata                                  irdata       000000
__Livt0x8                                  ivt0x8       000008
__Lmediumconst                             mediumconst  000000
__LnvFARRAM                                nvFARRAM     000000
__Lnvbit                                   nvbit        000000
__Lnvrram                                  nvrram       000000
__Lparam                                   rparam       000000
__Lpowerup                                 powerup      000000
__Lram                                     ram          000000
__Lramtop                                  ramtop       001600
__Lrbit                                    rbit         000000
__Lrbss                                    rbss         000000
__Lrdata                                   rdata        000000
__Lreset_vec                               reset_vec    000000
__Lrparam                                  rparam       000000
__Lsfr                                     sfr          000000
__Lsmallconst                              smallconst   000000
__Lspace_0                                 (abs)        000000
__Lspace_1                                 (abs)        000000
__Lspace_2                                 (abs)        000000
__Lspace_4                                 (abs)        000000
__Lstack                                   stack        000000
__Lstruct                                  struct       000000
__Ltemp                                    temp         000000
__Ltext                                    text         000000
__Ltext0                                   text0        000000
__Ltext1                                   text1        000000
__Ltext10                                  text10       000000
__Ltext11                                  text11       000000
__Ltext12                                  text12       000000
__Ltext13                                  text13       000000
__Ltext14                                  text14       000000
__Ltext15                                  text15       000000
__Ltext16                                  text16       000000
__Ltext17                                  text17       000000
__Ltext18                                  text18       000000
__Ltext19                                  text19       000000
__Ltext2                                   text2        000000
__Ltext20                                  text20       000000
__Ltext21                                  text21       000000
__Ltext3                                   text3        000000
__Ltext4                                   text4        000000
__Ltext5                                   text5        000000
__Ltext6                                   text6        000000
__Ltext7                                   text7        000000
__Ltext8                                   text8        000000
__Ltext9                                   text9        000000
__S0                                       (abs)        000484
__S1                                       (abs)        0005E0
__S4                                       (abs)        000000
__S5                                       (abs)        000000
___heap_hi                                 (abs)        000000
___heap_lo                                 (abs)        000000
___inthi_sp                                stack        000000
___intlo_sp                                stack        000000
___param_bank                              (abs)        000000
___rparam_used                             (abs)        000001
___sp                                      stack        000000
__accesstop                                (abs)        000560
__activetblptr                             (abs)        000002
__end_of_I2C1_Isr                          text2        000154
__end_of_I2C1_SlaveAddrCallBack            text18       0003BE
__end_of_I2C1_SlaveClearBuff               text17       000484
__end_of_I2C1_SlaveClearIrq                text16       000462
__end_of_I2C1_SlaveDefAddrInterruptHandler text19       00046A
__end_of_I2C1_SlaveDefRdInterruptHandler   text9        000304
__end_of_I2C1_SlaveDefWrInterruptHandler   text4        000440
__end_of_I2C1_SlaveGetAddr                 text20       000472
__end_of_I2C1_SlaveGetRxData               text10       00047E
__end_of_I2C1_SlaveIsAddr                  text15       00042C
__end_of_I2C1_SlaveIsRead                  text14       000416
__end_of_I2C1_SlaveIsRxBufFull             text13       000400
__end_of_I2C1_SlaveIsStop                  text12       0003EA
__end_of_I2C1_SlaveIsTxBufEmpty            text11       0003D4
__end_of_I2C1_SlaveRdCallBack              text8        000390
__end_of_I2C1_SlaveReleaseClock            text7        000478
__end_of_I2C1_SlaveSendTxData              text5        00045A
__end_of_I2C1_SlaveSetCounter              text6        000450
__end_of_I2C1_SlaveWrCallBack              text3        000362
__end_of_INTERRUPT_InterruptManager        text1        0002D0
__end_of__initialization                   cinit        00032A
__end_of_main                              text0        00021C
__initialization                           cinit        000304
__mediumconst                              mediumconst  000000
__pbssBANK5                                bssBANK5     000560
__pbssCOMRAM                               bssCOMRAM    000501
__pcinit                                   cinit        000304
__pcstackCOMRAM                            cstackCOMRAM 000514
__pivt0x8                                  ivt0x8       000008
__ptext0                                   text0        000154
__ptext1                                   text1        00021C
__ptext10                                  text10       000478
__ptext11                                  text11       0003BE
__ptext12                                  text12       0003D4
__ptext13                                  text13       0003EA
__ptext14                                  text14       000400
__ptext15                                  text15       000416
__ptext16                                  text16       00045A
__ptext17                                  text17       00047E
__ptext18                                  text18       000390
__ptext19                                  text19       000462
__ptext2                                   text2        00001E
__ptext20                                  text20       00046A
__ptext21                                  text21       000000
__ptext3                                   text3        000334
__ptext4                                   text4        00042C
__ptext5                                   text5        000450
__ptext6                                   text6        000440
__ptext7                                   text7        000472
__ptext8                                   text8        000362
__ptext9                                   text9        0002D0
__ramtop                                   ramtop       001600
__smallconst                               smallconst   000000
_databyte                                  bssCOMRAM    00050D
_i2c1RdData                                bssCOMRAM    000512
_i2c1SlaveAddr                             bssCOMRAM    000511
_i2c1SlaveState                            bssCOMRAM    000510
_i2c1WrData                                bssCOMRAM    000513
_main                                      text0        000154
end_of_initialization                      cinit        00032A
intlevel0                                  text         000000
intlevel1                                  text         000000
intlevel2                                  text         000000
intlevel3                                  text         000000
isa$std                                    (abs)        000001
isa$xinst                                  (abs)        000000
ivt0x8_base                                ivt0x8       000008
main@i                                     cstackCOMRAM 000519
main@i_1288                                cstackCOMRAM 00051D
stackhi                                    (abs)        000000
stacklo                                    (abs)        000000
start                                      init         00001A
start_initialization                       cinit        000304


MODULE INFORMATION

Module		Function		Class		Link	Load	Size
mcc_generated_files/interrupt_manager.c
		_INTERRUPT_InterruptManager		CODE           	021C	0000	180

mcc_generated_files/interrupt_manager.c estimated size: 180

mcc_generated_files/i2c1_slave.c
		_I2C1_SlaveDefAddrInterruptHandler		CODE           	0462	0000	8
		_I2C1_SlaveSetCounter		CODE           	0440	0000	16
		_I2C1_SlaveIsRead		CODE           	0400	0000	22
		_I2C1_SlaveIsAddr		CODE           	0416	0000	22
		_I2C1_SlaveIsStop		CODE           	03D4	0000	22
		_I2C1_SlaveDefRdInterruptHandler		CODE           	02D0	0000	52
		_I2C1_SlaveDefWrInterruptHandler		CODE           	042C	0000	20
		_I2C1_SlaveGetAddr		CODE           	046A	0000	8
		_I2C1_SlaveSendTxData		CODE           	0450	0000	10
		_I2C1_SlaveRdCallBack		CODE           	0362	0000	46
		_I2C1_SlaveWrCallBack		CODE           	0334	0000	46
		_I2C1_Isr      		CODE           	001E	0000	310
		_I2C1_SlaveAddrCallBack		CODE           	0390	0000	46
		_I2C1_SlaveIsTxBufEmpty		CODE           	03BE	0000	22
		_I2C1_SlaveIsRxBufFull		CODE           	03EA	0000	22
		_I2C1_SlaveClearIrq		CODE           	045A	0000	8
		_I2C1_SlaveGetRxData		CODE           	0478	0000	6
		_I2C1_SlaveReleaseClock		CODE           	0472	0000	6
		_I2C1_SlaveClearBuff		CODE           	047E	0000	6

mcc_generated_files/i2c1_slave.c estimated size: 698

shared
		__initialization		CODE           	0304	0000	38

shared estimated size: 38

main.c
		_main          		CODE           	0154	0000	200

main.c estimated size: 200

